<html>
<body>
<pre>
<h1>礦ision Build Log</h1>
<h2>Tool Versions:</h2>
IDE-Version: μVision V5.23.0.0
Copyright (C) 2017 ARM Ltd and ARM Germany GmbH. All rights reserved.
License Information: 1 1, 微软, LIC=Q7GVE-55178-JPFZQ-N8GMF-CSL48-J8YFR
 
Tool Versions:
Toolchain:       MDK-ARM Professional  Version: 5.23
Toolchain Path:  F:\study\XiLiYiQi\Keil5\ARM\ARMCC\Bin
C Compiler:      Armcc.exe V5.06 update 4 (build 422)
Assembler:       Armasm.exe V5.06 update 4 (build 422)
Linker/Locator:  ArmLink.exe V5.06 update 4 (build 422)
Library Manager: ArmAr.exe V5.06 update 4 (build 422)
Hex Converter:   FromElf.exe V5.06 update 4 (build 422)
CPU DLL:         SARMCM3.DLL V5.23
Dialog DLL:      DCM.DLL V1.15.0.0
Target DLL:      CMSIS_AGDI.dll V1.27.5.0
Dialog DLL:      TCM.DLL V1.27.0.0
 
<h2>Project:</h2>
F:\study\XiLiYiQi\Mykeil\压力变送器\keil project\modbus--1relay新版-V2.18.6 修复ad减半，不稳\Project\RVMDK（uv5）\BH-F429.uvprojx
Project File Date:  05/31/2018

<h2>Output:</h2>
*** Using Compiler 'V5.06 update 4 (build 422)', folder: 'F:\study\XiLiYiQi\Keil5\ARM\ARMCC\Bin'
Build target '工程模板'
compiling main.c...
..\..\User\new.h(26): warning:  #1-D: last line of file ends without a newline
  #endif /* __EXTI_H */
..\..\User\main.c(67): warning:  #177-D: variable "len"  was declared but never referenced
  	uint16_t len;
..\..\User\main.c(71): warning:  #177-D: variable "pbuf"  was declared but never referenced
  	char *pbuf;
..\..\User\main.c(223): warning:  #177-D: function "Delay"  was declared but never referenced
  static void Delay(__IO uint32_t nCount)	 //简单的延时函数
..\..\User\main.c: 4 warnings, 0 errors
linking...
Program Size: Code=14764 RO-data=972 RW-data=336 ZI-data=2448  
FromELF: creating hex file...
"..\..\Output\Template.axf" - 0 Error(s), 4 Warning(s).

<h2>Collection of Component include folders:</h2>
  .\RTE\_________
  F:\study\XiLiYiQi\Keil5\ARM\PACK\Keil\STM32F4xx_DFP\2.5.0\Drivers\CMSIS\Device\ST\STM32F4xx\Include

<h2>Collection of Component Files used:</h2>
Build Time Elapsed:  00:00:08
</pre>
</body>
</html>
