<html>
<body>
<pre>
<h1>礦ision Build Log</h1>
<h2>Tool Versions:</h2>
IDE-Version: μVision V5.14.0.0
Copyright (C) 2015 ARM Ltd and ARM Germany GmbH. All rights reserved.
License Information: Administrator Administrator, Administrator, LIC=6XJT4-F3M0T-JPJZQ-NPLSY-AUNX2-Y34L6
 
Tool Versions:
Toolchain:       MDK-ARM Professional  Version: 5.14.0.0
Toolchain Path:  D:\Keil_v5\ARM\ARMCC\Bin
C Compiler:      Armcc.exe V5.05 update 1 (build 106)
Assembler:       Armasm.exe V5.05 update 1 (build 106)
Linker/Locator:  ArmLink.exe V5.05 update 1 (build 106)
Library Manager: ArmAr.exe V5.05 update 1 (build 106)
Hex Converter:   FromElf.exe V5.05 update 1 (build 106)
CPU DLL:         SARMCM3.DLL V5.14.0.0
Dialog DLL:      DCM.DLL V1.13.1.0
Target DLL:      Segger\JL2CM3.dll V2.99.13.0
Dialog DLL:      TCM.DLL V1.14.4.0
 
<h2>Project:</h2>
C:\Users\Administrator\Desktop\单片机主程序\连拓\单通道\Mime\RS485\低压-蜂鸣器报警\Project\RVMDK（uv5）\BH-F429.uvprojx
Project File Date:  08/14/2023

<h2>Output:</h2>
Build target '工程模板'
compiling main.c...
compiling stm32f4xx_it.c...
compiling bsp_rs232_usart.c...
compiling modbus.c...
compiling data_processing.c...
compiling portserial.c...
linking...
Program Size: Code=15440 RO-data=972 RW-data=336 ZI-data=2448  
FromELF: creating hex file...
"..\..\Output\Template.axf" - 0 Error(s), 0 Warning(s).

<h2>Collection of Component include folders:</h2>
  C:\Users\Administrator\Desktop\单片机主程序\连拓\单通道\Mime\RS485\低压-蜂鸣器报警\Project\RVMDK（uv5）\RTE
  D:\Keil_v5\ARM\PACK\Keil\STM32F4xx_DFP\2.15.0

<h2>Collection of Component Files used:</h2>
</pre>
</body>
</html>
