Component: ARM Compiler 5.06 update 4 (build 422) Tool: armlink [4d35d2]

==============================================================================

Section Cross References

    startup_stm32f429_439xx.o(RESET) refers to startup_stm32f429_439xx.o(STACK) for __initial_sp
    startup_stm32f429_439xx.o(RESET) refers to startup_stm32f429_439xx.o(.text) for Reset_Handler
    startup_stm32f429_439xx.o(RESET) refers to stm32f4xx_it.o(i.NMI_Handler) for NMI_Handler
    startup_stm32f429_439xx.o(RESET) refers to stm32f4xx_it.o(i.HardFault_Handler) for HardFault_Handler
    startup_stm32f429_439xx.o(RESET) refers to stm32f4xx_it.o(i.MemManage_Handler) for MemManage_Handler
    startup_stm32f429_439xx.o(RESET) refers to stm32f4xx_it.o(i.BusFault_Handler) for BusFault_Handler
    startup_stm32f429_439xx.o(RESET) refers to stm32f4xx_it.o(i.UsageFault_Handler) for UsageFault_Handler
    startup_stm32f429_439xx.o(RESET) refers to stm32f4xx_it.o(i.SVC_Handler) for SVC_Handler
    startup_stm32f429_439xx.o(RESET) refers to stm32f4xx_it.o(i.DebugMon_Handler) for DebugMon_Handler
    startup_stm32f429_439xx.o(RESET) refers to stm32f4xx_it.o(i.PendSV_Handler) for PendSV_Handler
    startup_stm32f429_439xx.o(RESET) refers to stm32f4xx_it.o(i.SysTick_Handler) for SysTick_Handler
    startup_stm32f429_439xx.o(RESET) refers to stm32f4xx_it.o(i.TIM2_IRQHandler) for TIM2_IRQHandler
    startup_stm32f429_439xx.o(RESET) refers to stm32f4xx_it.o(i.TIM3_IRQHandler) for TIM3_IRQHandler
    startup_stm32f429_439xx.o(RESET) refers to stm32f4xx_it.o(i.TIM4_IRQHandler) for TIM4_IRQHandler
    startup_stm32f429_439xx.o(RESET) refers to stm32f4xx_it.o(i.USART2_IRQHandler) for USART2_IRQHandler
    startup_stm32f429_439xx.o(RESET) refers to stm32f4xx_it.o(i.TIM5_IRQHandler) for TIM5_IRQHandler
    startup_stm32f429_439xx.o(.text) refers to system_stm32f4xx.o(i.SystemInit) for SystemInit
    startup_stm32f429_439xx.o(.text) refers to entry.o(.ARM.Collect$$$$00000000) for __main
    system_stm32f4xx.o(i.SystemCoreClockUpdate) refers to system_stm32f4xx.o(.data) for .data
    system_stm32f4xx.o(i.SystemInit) refers to system_stm32f4xx.o(i.SetSysClock) for SetSysClock
    stm32f4xx_adc.o(i.ADC_DeInit) refers to stm32f4xx_rcc.o(i.RCC_APB2PeriphResetCmd) for RCC_APB2PeriphResetCmd
    stm32f4xx_can.o(i.CAN_DeInit) refers to stm32f4xx_rcc.o(i.RCC_APB1PeriphResetCmd) for RCC_APB1PeriphResetCmd
    stm32f4xx_can.o(i.CAN_GetITStatus) refers to stm32f4xx_can.o(i.CheckITStatus) for CheckITStatus
    stm32f4xx_cryp.o(i.CRYP_DeInit) refers to stm32f4xx_rcc.o(i.RCC_AHB2PeriphResetCmd) for RCC_AHB2PeriphResetCmd
    stm32f4xx_cryp_aes.o(i.CRYP_AES_CBC) refers to stm32f4xx_cryp.o(i.CRYP_KeyStructInit) for CRYP_KeyStructInit
    stm32f4xx_cryp_aes.o(i.CRYP_AES_CBC) refers to stm32f4xx_cryp.o(i.CRYP_KeyInit) for CRYP_KeyInit
    stm32f4xx_cryp_aes.o(i.CRYP_AES_CBC) refers to stm32f4xx_cryp.o(i.CRYP_Init) for CRYP_Init
    stm32f4xx_cryp_aes.o(i.CRYP_AES_CBC) refers to stm32f4xx_cryp.o(i.CRYP_IVInit) for CRYP_IVInit
    stm32f4xx_cryp_aes.o(i.CRYP_AES_CBC) refers to stm32f4xx_cryp.o(i.CRYP_FIFOFlush) for CRYP_FIFOFlush
    stm32f4xx_cryp_aes.o(i.CRYP_AES_CBC) refers to stm32f4xx_cryp.o(i.CRYP_Cmd) for CRYP_Cmd
    stm32f4xx_cryp_aes.o(i.CRYP_AES_CBC) refers to stm32f4xx_cryp.o(i.CRYP_GetCmdStatus) for CRYP_GetCmdStatus
    stm32f4xx_cryp_aes.o(i.CRYP_AES_CBC) refers to stm32f4xx_cryp.o(i.CRYP_GetFlagStatus) for CRYP_GetFlagStatus
    stm32f4xx_cryp_aes.o(i.CRYP_AES_CBC) refers to stm32f4xx_cryp.o(i.CRYP_DataIn) for CRYP_DataIn
    stm32f4xx_cryp_aes.o(i.CRYP_AES_CBC) refers to stm32f4xx_cryp.o(i.CRYP_DataOut) for CRYP_DataOut
    stm32f4xx_cryp_aes.o(i.CRYP_AES_CCM) refers to stm32f4xx_cryp.o(i.CRYP_KeyStructInit) for CRYP_KeyStructInit
    stm32f4xx_cryp_aes.o(i.CRYP_AES_CCM) refers to stm32f4xx_cryp.o(i.CRYP_FIFOFlush) for CRYP_FIFOFlush
    stm32f4xx_cryp_aes.o(i.CRYP_AES_CCM) refers to stm32f4xx_cryp.o(i.CRYP_KeyInit) for CRYP_KeyInit
    stm32f4xx_cryp_aes.o(i.CRYP_AES_CCM) refers to stm32f4xx_cryp.o(i.CRYP_IVInit) for CRYP_IVInit
    stm32f4xx_cryp_aes.o(i.CRYP_AES_CCM) refers to stm32f4xx_cryp.o(i.CRYP_Init) for CRYP_Init
    stm32f4xx_cryp_aes.o(i.CRYP_AES_CCM) refers to stm32f4xx_cryp.o(i.CRYP_PhaseConfig) for CRYP_PhaseConfig
    stm32f4xx_cryp_aes.o(i.CRYP_AES_CCM) refers to stm32f4xx_cryp.o(i.CRYP_DataIn) for CRYP_DataIn
    stm32f4xx_cryp_aes.o(i.CRYP_AES_CCM) refers to stm32f4xx_cryp.o(i.CRYP_Cmd) for CRYP_Cmd
    stm32f4xx_cryp_aes.o(i.CRYP_AES_CCM) refers to stm32f4xx_cryp.o(i.CRYP_GetCmdStatus) for CRYP_GetCmdStatus
    stm32f4xx_cryp_aes.o(i.CRYP_AES_CCM) refers to stm32f4xx_cryp.o(i.CRYP_GetFlagStatus) for CRYP_GetFlagStatus
    stm32f4xx_cryp_aes.o(i.CRYP_AES_CCM) refers to stm32f4xx_cryp.o(i.CRYP_DataOut) for CRYP_DataOut
    stm32f4xx_cryp_aes.o(i.CRYP_AES_CTR) refers to stm32f4xx_cryp.o(i.CRYP_KeyStructInit) for CRYP_KeyStructInit
    stm32f4xx_cryp_aes.o(i.CRYP_AES_CTR) refers to stm32f4xx_cryp.o(i.CRYP_KeyInit) for CRYP_KeyInit
[...]
    ..\..\MODBUS\modbus\functions\mbutils.c  0x00000000   Number         0  mbutils.o ABSOLUTE
    ..\..\MODBUS\modbus\mb.c                 0x00000000   Number         0  mb.o ABSOLUTE
    ..\..\MODBUS\modbus\rtu\mbcrc.c          0x00000000   Number         0  mbcrc.o ABSOLUTE
    ..\..\MODBUS\modbus\rtu\mbrtu.c          0x00000000   Number         0  mbrtu.o ABSOLUTE
    ..\..\MODBUS\port\portevent.c            0x00000000   Number         0  portevent.o ABSOLUTE
    ..\..\MODBUS\port\portserial.c           0x00000000   Number         0  portserial.o ABSOLUTE
    ..\..\MODBUS\port\porttimer.c            0x00000000   Number         0  porttimer.o ABSOLUTE
    ..\..\User\485\data_processing.c         0x00000000   Number         0  data_processing.o ABSOLUTE
    ..\..\User\ADS1256.c                     0x00000000   Number         0  ads1256.o ABSOLUTE
    ..\..\User\KEY.c                         0x00000000   Number         0  key.o ABSOLUTE
    ..\..\User\RELAY.C                       0x00000000   Number         0  relay.o ABSOLUTE
    ..\..\User\Timer1.c                      0x00000000   Number         0  timer1.o ABSOLUTE
    ..\..\User\Timer5.c                      0x00000000   Number         0  timer5.o ABSOLUTE
    ..\..\User\bsp_exti.c                    0x00000000   Number         0  bsp_exti.o ABSOLUTE
    ..\..\User\bsp_led.c                     0x00000000   Number         0  bsp_led.o ABSOLUTE
    ..\..\User\main.c                        0x00000000   Number         0  main.o ABSOLUTE
    ..\..\User\modbus.c                      0x00000000   Number         0  modbus.o ABSOLUTE
    ..\..\User\port.c                        0x00000000   Number         0  port.o ABSOLUTE
    ..\..\User\stm32f4xx_it.c                0x00000000   Number         0  stm32f4xx_it.o ABSOLUTE
    ..\..\User\systick\bsp_SysTick.c         0x00000000   Number         0  bsp_systick.o ABSOLUTE
    ..\..\User\usart\bsp_debug_usart.c       0x00000000   Number         0  bsp_debug_usart.o ABSOLUTE
    ..\..\User\usart\bsp_rs232_usart.c       0x00000000   Number         0  bsp_rs232_usart.o ABSOLUTE
    ..\\..\\Libraries\\CMSIS\\Device\\ST\\STM32F4xx\\Source\\Templates\\system_stm32f4xx.c 0x00000000   Number         0  system_stm32f4xx.o ABSOLUTE
    ..\\..\\Libraries\\STM32F4xx_StdPeriph_Driver\\src\\misc.c 0x00000000   Number         0  misc.o ABSOLUTE
    ..\\..\\Libraries\\STM32F4xx_StdPeriph_Driver\\src\\stm32f4xx_adc.c 0x00000000   Number         0  stm32f4xx_adc.o ABSOLUTE
    ..\\..\\Libraries\\STM32F4xx_StdPeriph_Driver\\src\\stm32f4xx_can.c 0x00000000   Number         0  stm32f4xx_can.o ABSOLUTE
    ..\\..\\Libraries\\STM32F4xx_StdPeriph_Driver\\src\\stm32f4xx_cec.c 0x00000000   Number         0  stm32f4xx_cec.o ABSOLUTE
    ..\\..\\Libraries\\STM32F4xx_StdPeriph_Driver\\src\\stm32f4xx_crc.c 0x00000000   Number         0  stm32f4xx_crc.o ABSOLUTE
    ..\\..\\Libraries\\STM32F4xx_StdPeriph_Driver\\src\\stm32f4xx_cryp.c 0x00000000   Number         0  stm32f4xx_cryp.o ABSOLUTE
    ..\\..\\Libraries\\STM32F4xx_StdPeriph_Driver\\src\\stm32f4xx_cryp_aes.c 0x00000000   Number         0  stm32f4xx_cryp_aes.o ABSOLUTE
    ..\\..\\Libraries\\STM32F4xx_StdPeriph_Driver\\src\\stm32f4xx_cryp_des.c 0x00000000   Number         0  stm32f4xx_cryp_des.o ABSOLUTE
    ..\\..\\Libraries\\STM32F4xx_StdPeriph_Driver\\src\\stm32f4xx_cryp_tdes.c 0x00000000   Number         0  stm32f4xx_cryp_tdes.o ABSOLUTE
    ..\\..\\Libraries\\STM32F4xx_StdPeriph_Driver\\src\\stm32f4xx_dac.c 0x00000000   Number         0  stm32f4xx_dac.o ABSOLUTE
    ..\\..\\Libraries\\STM32F4xx_StdPeriph_Driver\\src\\stm32f4xx_dbgmcu.c 0x00000000   Number         0  stm32f4xx_dbgmcu.o ABSOLUTE
    ..\\..\\Libraries\\STM32F4xx_StdPeriph_Driver\\src\\stm32f4xx_dcmi.c 0x00000000   Number         0  stm32f4xx_dcmi.o ABSOLUTE
    ..\\..\\Libraries\\STM32F4xx_StdPeriph_Driver\\src\\stm32f4xx_dma.c 0x00000000   Number         0  stm32f4xx_dma.o ABSOLUTE
    ..\\..\\Libraries\\STM32F4xx_StdPeriph_Driver\\src\\stm32f4xx_dma2d.c 0x00000000   Number         0  stm32f4xx_dma2d.o ABSOLUTE
    ..\\..\\Libraries\\STM32F4xx_StdPeriph_Driver\\src\\stm32f4xx_exti.c 0x00000000   Number         0  stm32f4xx_exti.o ABSOLUTE
    ..\\..\\Libraries\\STM32F4xx_StdPeriph_Driver\\src\\stm32f4xx_flash.c 0x00000000   Number         0  stm32f4xx_flash.o ABSOLUTE
    ..\\..\\Libraries\\STM32F4xx_StdPeriph_Driver\\src\\stm32f4xx_flash_ramfunc.c 0x00000000   Number         0  stm32f4xx_flash_ramfunc.o ABSOLUTE
    ..\\..\\Libraries\\STM32F4xx_StdPeriph_Driver\\src\\stm32f4xx_fmc.c 0x00000000   Number         0  stm32f4xx_fmc.o ABSOLUTE
    ..\\..\\Libraries\\STM32F4xx_StdPeriph_Driver\\src\\stm32f4xx_fmpi2c.c 0x00000000   Number         0  stm32f4xx_fmpi2c.o ABSOLUTE
    ..\\..\\Libraries\\STM32F4xx_StdPeriph_Driver\\src\\stm32f4xx_gpio.c 0x00000000   Number         0  stm32f4xx_gpio.o ABSOLUTE
    ..\\..\\Libraries\\STM32F4xx_StdPeriph_Driver\\src\\stm32f4xx_hash.c 0x00000000   Number         0  stm32f4xx_hash.o ABSOLUTE
    ..\\..\\Libraries\\STM32F4xx_StdPeriph_Driver\\src\\stm32f4xx_hash_md5.c 0x00000000   Number         0  stm32f4xx_hash_md5.o ABSOLUTE
    ..\\..\\Libraries\\STM32F4xx_StdPeriph_Driver\\src\\stm32f4xx_hash_sha1.c 0x00000000   Number         0  stm32f4xx_hash_sha1.o ABSOLUTE
    ..\\..\\Libraries\\STM32F4xx_StdPeriph_Driver\\src\\stm32f4xx_i2c.c 0x00000000   Number         0  stm32f4xx_i2c.o ABSOLUTE
    ..\\..\\Libraries\\STM32F4xx_StdPeriph_Driver\\src\\stm32f4xx_iwdg.c 0x00000000   Number         0  stm32f4xx_iwdg.o ABSOLUTE
    ..\\..\\Libraries\\STM32F4xx_StdPeriph_Driver\\src\\stm32f4xx_ltdc.c 0x00000000   Number         0  stm32f4xx_ltdc.o ABSOLUTE
    ..\\..\\Libraries\\STM32F4xx_StdPeriph_Driver\\src\\stm32f4xx_pwr.c 0x00000000   Number         0  stm32f4xx_pwr.o ABSOLUTE
    ..\\..\\Libraries\\STM32F4xx_StdPeriph_Driver\\src\\stm32f4xx_qspi.c 0x00000000   Number         0  stm32f4xx_qspi.o ABSOLUTE
    ..\\..\\Libraries\\STM32F4xx_StdPeriph_Driver\\src\\stm32f4xx_rcc.c 0x00000000   Number         0  stm32f4xx_rcc.o ABSOLUTE
    ..\\..\\Libraries\\STM32F4xx_StdPeriph_Driver\\src\\stm32f4xx_rng.c 0x00000000   Number         0  stm32f4xx_rng.o ABSOLUTE
    ..\\..\\Libraries\\STM32F4xx_StdPeriph_Driver\\src\\stm32f4xx_rtc.c 0x00000000   Number         0  stm32f4xx_rtc.o ABSOLUTE
    ..\\..\\Libraries\\STM32F4xx_StdPeriph_Driver\\src\\stm32f4xx_sai.c 0x00000000   Number         0  stm32f4xx_sai.o ABSOLUTE
    ..\\..\\Libraries\\STM32F4xx_StdPeriph_Driver\\src\\stm32f4xx_sdio.c 0x00000000   Number         0  stm32f4xx_sdio.o ABSOLUTE
    ..\\..\\Libraries\\STM32F4xx_StdPeriph_Driver\\src\\stm32f4xx_spdifrx.c 0x00000000   Number         0  stm32f4xx_spdifrx.o ABSOLUTE
    ..\\..\\Libraries\\STM32F4xx_StdPeriph_Driver\\src\\stm32f4xx_spi.c 0x00000000   Number         0  stm32f4xx_spi.o ABSOLUTE
    ..\\..\\Libraries\\STM32F4xx_StdPeriph_Driver\\src\\stm32f4xx_syscfg.c 0x00000000   Number         0  stm32f4xx_syscfg.o ABSOLUTE
    ..\\..\\Libraries\\STM32F4xx_StdPeriph_Driver\\src\\stm32f4xx_tim.c 0x00000000   Number         0  stm32f4xx_tim.o ABSOLUTE
    ..\\..\\Libraries\\STM32F4xx_StdPeriph_Driver\\src\\stm32f4xx_usart.c 0x00000000   Number         0  stm32f4xx_usart.o ABSOLUTE
    ..\\..\\Libraries\\STM32F4xx_StdPeriph_Driver\\src\\stm32f4xx_wwdg.c 0x00000000   Number         0  stm32f4xx_wwdg.o ABSOLUTE
    ..\\..\\MODBUS\\modbus\\mb.c             0x00000000   Number         0  mb.o ABSOLUTE
    ..\\..\\MODBUS\\modbus\\rtu\\mbrtu.c     0x00000000   Number         0  mbrtu.o ABSOLUTE
    ..\\..\\MODBUS\\port\\portevent.c        0x00000000   Number         0  portevent.o ABSOLUTE
    ..\\..\\MODBUS\\port\\portserial.c       0x00000000   Number         0  portserial.o ABSOLUTE
    ..\\..\\MODBUS\\port\\porttimer.c        0x00000000   Number         0  porttimer.o ABSOLUTE
    ..\\..\\User\\485\\data_processing.c     0x00000000   Number         0  data_processing.o ABSOLUTE
    ..\\..\\User\\ADS1256.c                  0x00000000   Number         0  ads1256.o ABSOLUTE
    ..\\..\\User\\RELAY.C                    0x00000000   Number         0  relay.o ABSOLUTE
    ..\\..\\User\\Timer1.c                   0x00000000   Number         0  timer1.o ABSOLUTE
    ..\\..\\User\\Timer5.c                   0x00000000   Number         0  timer5.o ABSOLUTE
    ..\\..\\User\\bsp_exti.c                 0x00000000   Number         0  bsp_exti.o ABSOLUTE
    ..\\..\\User\\bsp_led.c                  0x00000000   Number         0  bsp_led.o ABSOLUTE
    ..\\..\\User\\main.c                     0x00000000   Number         0  main.o ABSOLUTE
    ..\\..\\User\\modbus.c                   0x00000000   Number         0  modbus.o ABSOLUTE
    ..\\..\\User\\stm32f4xx_it.c             0x00000000   Number         0  stm32f4xx_it.o ABSOLUTE
    ..\\..\\User\\systick\\bsp_SysTick.c     0x00000000   Number         0  bsp_systick.o ABSOLUTE
    ..\\..\\User\\usart\\bsp_debug_usart.c   0x00000000   Number         0  bsp_debug_usart.o ABSOLUTE
    ..\\..\\User\\usart\\bsp_rs232_usart.c   0x00000000   Number         0  bsp_rs232_usart.o ABSOLUTE
    cdrcmple.s                               0x00000000   Number         0  cdrcmple.o ABSOLUTE
    dc.s                                     0x00000000   Number         0  dc.o ABSOLUTE
    handlers.s                               0x00000000   Number         0  handlers.o ABSOLUTE
    init.s                                   0x00000000   Number         0  init.o ABSOLUTE
    RESET                                    0x08000000   Section      428  startup_stm32f429_439xx.o(RESET)
    .ARM.Collect$$$$00000000                 0x080001ac   Section        0  entry.o(.ARM.Collect$$$$00000000)
    .ARM.Collect$$$$00000001                 0x080001ac   Section        4  entry2.o(.ARM.Collect$$$$00000001)
    .ARM.Collect$$$$00000004                 0x080001b0   Section        4  entry5.o(.ARM.Collect$$$$00000004)
    .ARM.Collect$$$$00000008                 0x080001b4   Section        0  entry7b.o(.ARM.Collect$$$$00000008)
    .ARM.Collect$$$$0000000A                 0x080001b4   Section        0  entry8b.o(.ARM.Collect$$$$0000000A)
    .ARM.Collect$$$$0000000B                 0x080001b4   Section        8  entry9a.o(.ARM.Collect$$$$0000000B)
    .ARM.Collect$$$$0000000D                 0x080001bc   Section        0  entry10a.o(.ARM.Collect$$$$0000000D)
    .ARM.Collect$$$$0000000F                 0x080001bc   Section        0  entry11a.o(.ARM.Collect$$$$0000000F)
    .ARM.Collect$$$$00002712                 0x080001bc   Section        4  entry2.o(.ARM.Collect$$$$00002712)
    __lit__00000000                          0x080001bc   Data           4  entry2.o(.ARM.Collect$$$$00002712)
    .text                                    0x080001c0   Section       36  startup_stm32f429_439xx.o(.text)
    $v0                                      0x080001c0   Number         0  startup_stm32f429_439xx.o(.text)
    .text                                    0x080001e4   Section        0  memcpya.o(.text)
    .text                                    0x08000208   Section        0  dadd.o(.text)
    .text                                    0x08000356   Section        0  dmul.o(.text)
    .text                                    0x0800043a   Section        0  ddiv.o(.text)
    .text                                    0x08000518   Section        0  dflti.o(.text)
    .text                                    0x0800053a   Section        0  dfltl.o(.text)
    .text                                    0x08000562   Section        0  dfixi.o(.text)
    .text                                    0x080005a0   Section        0  f2d.o(.text)
    .text                                    0x080005c6   Section        0  d2f.o(.text)
    .text                                    0x080005fe   Section        0  uidiv.o(.text)
    .text                                    0x0800062a   Section        0  uldiv.o(.text)
    .text                                    0x0800068c   Section        0  llshl.o(.text)
    .text                                    0x080006aa   Section        0  llushr.o(.text)
    .text                                    0x080006ca   Section        0  llsshr.o(.text)
    .text                                    0x080006ee   Section        0  fepilogue.o(.text)
    .text                                    0x080006ee   Section        0  iusefp.o(.text)
    .text                                    0x0800075c   Section        0  depilogue.o(.text)
    .text                                    0x08000816   Section        0  dfixul.o(.text)
    .text                                    0x08000848   Section       48  cdrcmple.o(.text)
    .text                                    0x08000878   Section       36  init.o(.text)
    .text                                    0x0800089c   Section        0  __dczerorl2.o(.text)
    i.ADS1256ReadData                        0x080008f4   Section        0  ads1256.o(i.ADS1256ReadData)
    i.ADS1256WREG                            0x08000968   Section        0  ads1256.o(i.ADS1256WREG)
    i.ADS1256_Init                           0x080009ac   Section        0  ads1256.o(i.ADS1256_Init)
    i.AUTO_ZERO                              0x08000a3c   Section        0  modbus.o(i.AUTO_ZERO)
    i.BusFault_Handler                       0x08000a70   Section        0  stm32f4xx_it.o(i.BusFault_Handler)
    i.DEBUG_USART_Config                     0x08000a74   Section        0  bsp_debug_usart.o(i.DEBUG_USART_Config)
    i.DebugMon_Handler                       0x08000b0c   Section        0  stm32f4xx_it.o(i.DebugMon_Handler)
    i.Delay_us                               0x08000b10   Section        0  bsp_systick.o(i.Delay_us)
    i.Delays1                                0x08000b24   Section        0  data_processing.o(i.Delays1)
    i.EnterCriticalSection                   0x08000b2e   Section        0  port.o(i.EnterCriticalSection)
    i.ExitCriticalSection                    0x08000b32   Section        0  port.o(i.ExitCriticalSection)
    i.GPIO_Init                              0x08000b36   Section        0  stm32f4xx_gpio.o(i.GPIO_Init)
    i.GPIO_PinAFConfig                       0x08000bb2   Section        0  stm32f4xx_gpio.o(i.GPIO_PinAFConfig)
    i.GPIO_ReadInputDataBit                  0x08000bd2   Section        0  stm32f4xx_gpio.o(i.GPIO_ReadInputDataBit)
    i.GPIO_ResetBits                         0x08000be0   Section        0  stm32f4xx_gpio.o(i.GPIO_ResetBits)
    i.GPIO_SetBits                           0x08000be4   Section        0  stm32f4xx_gpio.o(i.GPIO_SetBits)
    i.HardFault_Handler                      0x08000be8   Section        0  stm32f4xx_it.o(i.HardFault_Handler)
    i.Init_ADS1256_GPIO                      0x08000bec   Section        0  ads1256.o(i.Init_ADS1256_GPIO)
    i.Key_GPIO_Config                        0x08000c60   Section        0  bsp_exti.o(i.Key_GPIO_Config)
    i.Key_Scan                               0x08000c98   Section        0  bsp_exti.o(i.Key_Scan)
    i.LED_GPIO_Config                        0x08000cc0   Section        0  bsp_led.o(i.LED_GPIO_Config)
    i.MemManage_Handler                      0x08000d0c   Section        0  stm32f4xx_it.o(i.MemManage_Handler)
    i.NMI_Handler                            0x08000d0e   Section        0  stm32f4xx_it.o(i.NMI_Handler)
    i.NVIC_Init                              0x08000d10   Section        0  misc.o(i.NVIC_Init)
    i.NVIC_PriorityGroupConfig               0x08000d78   Section        0  misc.o(i.NVIC_PriorityGroupConfig)
    i.PendSV_Handler                         0x08000d8c   Section        0  stm32f4xx_it.o(i.PendSV_Handler)
    i.Press_z_f                              0x08000d90   Section        0  main.o(i.Press_z_f)
    i.RCC_AHB1PeriphClockCmd                 0x08000e98   Section        0  stm32f4xx_rcc.o(i.RCC_AHB1PeriphClockCmd)
    i.RCC_APB1PeriphClockCmd                 0x08000eb4   Section        0  stm32f4xx_rcc.o(i.RCC_APB1PeriphClockCmd)
    i.RCC_APB1PeriphResetCmd                 0x08000ed0   Section        0  stm32f4xx_rcc.o(i.RCC_APB1PeriphResetCmd)
    i.RCC_APB2PeriphClockCmd                 0x08000eec   Section        0  stm32f4xx_rcc.o(i.RCC_APB2PeriphClockCmd)
    i.RCC_APB2PeriphResetCmd                 0x08000f08   Section        0  stm32f4xx_rcc.o(i.RCC_APB2PeriphResetCmd)
    i.RCC_GetClocksFreq                      0x08000f24   Section        0  stm32f4xx_rcc.o(i.RCC_GetClocksFreq)
    i.Relay_Config                           0x08000fc8   Section        0  relay.o(i.Relay_Config)
    i.Relay_control                          0x080010e4   Section        0  modbus.o(i.Relay_control)
    i.SPI1_Init                              0x08001240   Section        0  ads1256.o(i.SPI1_Init)
    i.SPI_Cmd                                0x080012e4   Section        0  stm32f4xx_spi.o(i.SPI_Cmd)
    i.SPI_I2S_GetFlagStatus                  0x080012fc   Section        0  stm32f4xx_spi.o(i.SPI_I2S_GetFlagStatus)
    i.SPI_I2S_ReceiveData                    0x0800130a   Section        0  stm32f4xx_spi.o(i.SPI_I2S_ReceiveData)
    i.SPI_I2S_SendData                       0x0800130e   Section        0  stm32f4xx_spi.o(i.SPI_I2S_SendData)
    i.SPI_Init                               0x08001312   Section        0  stm32f4xx_spi.o(i.SPI_Init)
    i.SPI_WriteByte                          0x0800134c   Section        0  ads1256.o(i.SPI_WriteByte)
    i.STOP_INTERRUP                          0x08001388   Section        0  main.o(i.STOP_INTERRUP)
    i.SVC_Handler                            0x080013d4   Section        0  stm32f4xx_it.o(i.SVC_Handler)
    i.SetSysClock                            0x080013d8   Section        0  system_stm32f4xx.o(i.SetSysClock)
    SetSysClock                              0x080013d9   Thumb Code   196  system_stm32f4xx.o(i.SetSysClock)
    i.Setzero_Init                           0x080014ac   Section        0  data_processing.o(i.Setzero_Init)
    i.Step                                   0x08001524   Section        0  modbus.o(i.Step)
    i.SysTick_Handler                        0x08001670   Section        0  stm32f4xx_it.o(i.SysTick_Handler)
    i.SysTick_Init                           0x08001674   Section        0  bsp_systick.o(i.SysTick_Init)
    i.SystemInit                             0x080016b4   Section        0  system_stm32f4xx.o(i.SystemInit)
    i.TIM2_IRQHandler                        0x08001710   Section        0  stm32f4xx_it.o(i.TIM2_IRQHandler)
    i.TIM3_IRQHandler                        0x08001724   Section        0  stm32f4xx_it.o(i.TIM3_IRQHandler)
    i.TIM4_IRQHandler                        0x08001748   Section        0  stm32f4xx_it.o(i.TIM4_IRQHandler)
    i.TIM5_IRQHandler                        0x0800176c   Section        0  stm32f4xx_it.o(i.TIM5_IRQHandler)
    i.TIMERExpiredISR                        0x080017e8   Section        0  porttimer.o(i.TIMERExpiredISR)
    i.TIM_ARRPreloadConfig                   0x080017f4   Section        0  stm32f4xx_tim.o(i.TIM_ARRPreloadConfig)
    i.TIM_ClearFlag                          0x0800180c   Section        0  stm32f4xx_tim.o(i.TIM_ClearFlag)
    i.TIM_ClearITPendingBit                  0x08001812   Section        0  stm32f4xx_tim.o(i.TIM_ClearITPendingBit)
    i.TIM_Cmd                                0x08001818   Section        0  stm32f4xx_tim.o(i.TIM_Cmd)
    i.TIM_DeInit                             0x08001830   Section        0  stm32f4xx_tim.o(i.TIM_DeInit)
    i.TIM_ITConfig                           0x080019dc   Section        0  stm32f4xx_tim.o(i.TIM_ITConfig)
    i.TIM_Mode_Config                        0x080019f0   Section        0  timer1.o(i.TIM_Mode_Config)
    TIM_Mode_Config                          0x080019f1   Thumb Code    72  timer1.o(i.TIM_Mode_Config)
    i.TIM_SetCounter                         0x08001a3c   Section        0  stm32f4xx_tim.o(i.TIM_SetCounter)
    i.TIM_TimeBaseInit                       0x08001a40   Section        0  stm32f4xx_tim.o(i.TIM_TimeBaseInit)
    i.TIMx_Configuration                     0x08001abc   Section        0  timer1.o(i.TIMx_Configuration)
    i.TIMx_NVIC_Configuration                0x08001aca   Section        0  timer1.o(i.TIMx_NVIC_Configuration)
    TIMx_NVIC_Configuration                  0x08001acb   Thumb Code    40  timer1.o(i.TIMx_NVIC_Configuration)
    i.Timer5_config                          0x08001af4   Section        0  timer5.o(i.Timer5_config)
    i.TimingDelay_Decrement                  0x08001b74   Section        0  bsp_systick.o(i.TimingDelay_Decrement)
    i.USART2_IRQHandler                      0x08001b88   Section        0  stm32f4xx_it.o(i.USART2_IRQHandler)
    i.USART_ClearITPendingBit                0x08001bc4   Section        0  stm32f4xx_usart.o(i.USART_ClearITPendingBit)
    i.USART_Cmd                              0x08001bd4   Section        0  stm32f4xx_usart.o(i.USART_Cmd)
    i.USART_GetFlagStatus                    0x08001bec   Section        0  stm32f4xx_usart.o(i.USART_GetFlagStatus)
    i.USART_GetITStatus                      0x08001bfa   Section        0  stm32f4xx_usart.o(i.USART_GetITStatus)
    i.USART_ITConfig                         0x08001c3a   Section        0  stm32f4xx_usart.o(i.USART_ITConfig)
    i.USART_Init                             0x08001c70   Section        0  stm32f4xx_usart.o(i.USART_Init)
    i.USART_ReceiveData                      0x08001d2c   Section        0  stm32f4xx_usart.o(i.USART_ReceiveData)
    i.USART_SendData                         0x08001d34   Section        0  stm32f4xx_usart.o(i.USART_SendData)
    i.UsageFault_Handler                     0x08001d3c   Section        0  stm32f4xx_it.o(i.UsageFault_Handler)
    i.__0printf                              0x08001d40   Section        0  printfa.o(i.__0printf)
    i.__scatterload_copy                     0x08001d60   Section       14  handlers.o(i.__scatterload_copy)
    i.__scatterload_null                     0x08001d6e   Section        2  handlers.o(i.__scatterload_null)
    i.__scatterload_zeroinit                 0x08001d70   Section       14  handlers.o(i.__scatterload_zeroinit)
    i._fp_digits                             0x08001d80   Section        0  printfa.o(i._fp_digits)
    _fp_digits                               0x08001d81   Thumb Code   366  printfa.o(i._fp_digits)
    i._printf_core                           0x08001f04   Section        0  printfa.o(i._printf_core)
    _printf_core                             0x08001f05   Thumb Code  1744  printfa.o(i._printf_core)
    i._printf_post_padding                   0x080025e0   Section        0  printfa.o(i._printf_post_padding)
    _printf_post_padding                     0x080025e1   Thumb Code    36  printfa.o(i._printf_post_padding)
    i._printf_pre_padding                    0x08002604   Section        0  printfa.o(i._printf_pre_padding)
    _printf_pre_padding                      0x08002605   Thumb Code    46  printfa.o(i._printf_pre_padding)
    i.caijitongdao                           0x08002634   Section        0  data_processing.o(i.caijitongdao)
    i.eMBEnable                              0x08002a60   Section        0  mb.o(i.eMBEnable)
    i.eMBFuncReadCoils                       0x08002a80   Section        0  mbfunccoils.o(i.eMBFuncReadCoils)
    i.eMBFuncReadDiscreteInputs              0x08002afc   Section        0  mbfuncdisc.o(i.eMBFuncReadDiscreteInputs)
    i.eMBFuncReadHoldingRegister             0x08002b74   Section        0  mbfuncholding.o(i.eMBFuncReadHoldingRegister)
    i.eMBFuncReadInputRegister               0x08002bd4   Section        0  mbfuncinput.o(i.eMBFuncReadInputRegister)
    i.eMBFuncReadWriteMultipleHoldingRegister 0x08002c38   Section        0  mbfuncholding.o(i.eMBFuncReadWriteMultipleHoldingRegister)
    i.eMBFuncReportSlaveID                   0x08002cd4   Section        0  mbfuncother.o(i.eMBFuncReportSlaveID)
    i.eMBFuncWriteCoil                       0x08002cf8   Section        0  mbfunccoils.o(i.eMBFuncWriteCoil)
    i.eMBFuncWriteHoldingRegister            0x08002d52   Section        0  mbfuncholding.o(i.eMBFuncWriteHoldingRegister)
    i.eMBFuncWriteMultipleCoils              0x08002d84   Section        0  mbfunccoils.o(i.eMBFuncWriteMultipleCoils)
    i.eMBFuncWriteMultipleHoldingRegister    0x08002dea   Section        0  mbfuncholding.o(i.eMBFuncWriteMultipleHoldingRegister)
    i.eMBInit                                0x08002e3c   Section        0  mb.o(i.eMBInit)
    i.eMBPoll                                0x08002ec0   Section        0  mb.o(i.eMBPoll)
    i.eMBRTUInit                             0x08002f6c   Section        0  mbrtu.o(i.eMBRTUInit)
    i.eMBRTUReceive                          0x08002fac   Section        0  mbrtu.o(i.eMBRTUReceive)
    i.eMBRTUSend                             0x08002ff8   Section        0  mbrtu.o(i.eMBRTUSend)
    i.eMBRTUStart                            0x08003060   Section        0  mbrtu.o(i.eMBRTUStart)
    i.eMBRTUStop                             0x08003084   Section        0  mbrtu.o(i.eMBRTUStop)
    i.eMBRegCoilsCB                          0x080030a0   Section        0  modbus.o(i.eMBRegCoilsCB)
    i.eMBRegDiscreteCB                       0x08003154   Section        0  modbus.o(i.eMBRegDiscreteCB)
    i.eMBRegHoldingCB                        0x080031d0   Section        0  modbus.o(i.eMBRegHoldingCB)
    i.eMBRegInputCB                          0x08003238   Section        0  modbus.o(i.eMBRegInputCB)
    i.fputc                                  0x0800327c   Section        0  bsp_debug_usart.o(i.fputc)
    i.lvbo                                   0x080032a0   Section        0  data_processing.o(i.lvbo)
    i.main                                   0x080034ec   Section        0  main.o(i.main)
    i.out_start_stop                         0x080035ec   Section        0  main.o(i.out_start_stop)
    i.prveMBError2Exception                  0x080036ac   Section        0  mbutils.o(i.prveMBError2Exception)
    i.prvvUARTRxISR                          0x080036c8   Section        0  portserial.o(i.prvvUARTRxISR)
    i.prvvUARTTxReadyISR                     0x080036d4   Section        0  portserial.o(i.prvvUARTTxReadyISR)
    i.set_zero                               0x080036e0   Section        0  data_processing.o(i.set_zero)
    i.usMBCRC16                              0x08003790   Section        0  mbcrc.o(i.usMBCRC16)
    i.vMBPortSerialEnable                    0x080037bc   Section        0  portserial.o(i.vMBPortSerialEnable)
    i.vMBPortTimersDisable                   0x08003800   Section        0  porttimer.o(i.vMBPortTimersDisable)
    i.vMBPortTimersEnable                    0x08003822   Section        0  porttimer.o(i.vMBPortTimersEnable)
    i.xMBPortEventGet                        0x0800384c   Section        0  portevent.o(i.xMBPortEventGet)
    i.xMBPortEventInit                       0x08003868   Section        0  portevent.o(i.xMBPortEventInit)
    i.xMBPortEventPost                       0x08003878   Section        0  portevent.o(i.xMBPortEventPost)
    i.xMBPortSerialGetByte                   0x08003888   Section        0  portserial.o(i.xMBPortSerialGetByte)
    i.xMBPortSerialInit                      0x0800389c   Section        0  portserial.o(i.xMBPortSerialInit)
    i.xMBPortSerialPutByte                   0x08003980   Section        0  portserial.o(i.xMBPortSerialPutByte)
    i.xMBPortTimersInit                      0x08003994   Section        0  porttimer.o(i.xMBPortTimersInit)
    i.xMBRTUReceiveFSM                       0x08003a14   Section        0  mbrtu.o(i.xMBRTUReceiveFSM)
    i.xMBRTUTimerT35Expired                  0x08003a84   Section        0  mbrtu.o(i.xMBRTUTimerT35Expired)
    i.xMBRTUTransmitFSM                      0x08003ab8   Section        0  mbrtu.o(i.xMBRTUTransmitFSM)
    i.xMBUtilGetBits                         0x08003b0c   Section        0  mbutils.o(i.xMBUtilGetBits)
    i.xMBUtilSetBits                         0x08003b2e   Section        0  mbutils.o(i.xMBUtilSetBits)
    .constdata                               0x08003b58   Section      512  mbcrc.o(.constdata)
    aucCRCHi                                 0x08003b58   Data         256  mbcrc.o(.constdata)
    aucCRCLo                                 0x08003c58   Data         256  mbcrc.o(.constdata)
    .data                                    0x20000000   Section       20  system_stm32f4xx.o(.data)
    .data                                    0x20000014   Section       16  stm32f4xx_rcc.o(.data)
    APBAHBPrescTable                         0x20000014   Data          16  stm32f4xx_rcc.o(.data)
    .data                                    0x20000024   Section        6  main.o(.data)
    .data                                    0x2000002a   Section        2  modbus.o(.data)
    .data                                    0x2000002c   Section       20  modbus.o(.data)
    .data                                    0x20000040   Section        4  modbus.o(.data)
    .data                                    0x20000044   Section        4  modbus.o(.data)
    .data                                    0x20000048   Section        4  bsp_systick.o(.data)
    TimingDelay                              0x20000048   Data           4  bsp_systick.o(.data)
    .data                                    0x2000004c   Section       64  data_processing.o(.data)
    .data                                    0x2000008c   Section        2  mbfuncother.o(.data)
    usMBSlaveIDLen                           0x2000008c   Data           2  mbfuncother.o(.data)
    .data                                    0x20000090   Section      172  mb.o(.data)
    eMBState                                 0x20000090   Data           1  mb.o(.data)
    ucRcvAddress                             0x20000091   Data           1  mb.o(.data)
    ucFunctionCode                           0x20000092   Data           1  mb.o(.data)
    eException                               0x20000093   Data           1  mb.o(.data)
    ucMBAddress                              0x20000094   Data           1  mb.o(.data)
    eMBCurrentMode                           0x20000095   Data           1  mb.o(.data)
    usLength                                 0x20000096   Data           2  mb.o(.data)
    ucMBFrame                                0x20000098   Data           4  mb.o(.data)
    peMBFrameSendCur                         0x2000009c   Data           4  mb.o(.data)
    pvMBFrameStartCur                        0x200000a0   Data           4  mb.o(.data)
    pvMBFrameStopCur                         0x200000a4   Data           4  mb.o(.data)
    peMBFrameReceiveCur                      0x200000a8   Data           4  mb.o(.data)
    pvMBFrameCloseCur                        0x200000ac   Data           4  mb.o(.data)
    xFuncHandlers                            0x200000bc   Data         128  mb.o(.data)
    .data                                    0x2000013c   Section       12  mbrtu.o(.data)
    eSndState                                0x2000013c   Data           1  mbrtu.o(.data)
    eRcvState                                0x2000013d   Data           1  mbrtu.o(.data)
    usSndBufferCount                         0x2000013e   Data           2  mbrtu.o(.data)
    usRcvBufferPos                           0x20000140   Data           2  mbrtu.o(.data)
    pucSndBufferCur                          0x20000144   Data           4  mbrtu.o(.data)
    .data                                    0x20000148   Section        2  portevent.o(.data)
    eQueuedEvent                             0x20000148   Data           1  portevent.o(.data)
    xEventInQueue                            0x20000149   Data           1  portevent.o(.data)
    .data                                    0x2000014c   Section        4  stdout.o(.data)
    .bss                                     0x20000150   Section      714  modbus.o(.bss)
    .bss                                     0x20000420   Section      416  data_processing.o(.bss)
    .bss                                     0x200005c0   Section       32  mbfuncother.o(.bss)
    ucMBSlaveID                              0x200005c0   Data          32  mbfuncother.o(.bss)
    .bss                                     0x200005e0   Section      256  mbrtu.o(.bss)
    STACK                                    0x200006e0   Section     1024  startup_stm32f429_439xx.o(STACK)

    Global Symbols

    Symbol Name                              Value     Ov Type        Size  Object(Section)

    BuildAttributes$$THM_ISAv4$E$P$D$K$B$S$7EM$VFPi3$EXTD16$VFPS$VFMA$PE$A:L22UL41UL21$X:L11$S22US41US21$IEEE1$IW$USESV6$~STKCKD$USESV7$~SHL$OTIME$ROPI$EBA8$MICROLIB$REQ8$PRES8$EABIv2 0x00000000   Number         0  anon$$obj.o ABSOLUTE
    __ARM_use_no_argv                        0x00000000   Number         0  main.o ABSOLUTE
    _printf_a                                0x00000000   Number         0  stubs.o ABSOLUTE
    _printf_c                                0x00000000   Number         0  stubs.o ABSOLUTE
    _printf_charcount                        0x00000000   Number         0  stubs.o ABSOLUTE
    _printf_d                                0x00000000   Number         0  stubs.o ABSOLUTE
    _printf_e                                0x00000000   Number         0  stubs.o ABSOLUTE
    _printf_f                                0x00000000   Number         0  stubs.o ABSOLUTE
    _printf_flags                            0x00000000   Number         0  stubs.o ABSOLUTE
    _printf_fp_dec                           0x00000000   Number         0  stubs.o ABSOLUTE
    _printf_fp_hex                           0x00000000   Number         0  stubs.o ABSOLUTE
    _printf_g                                0x00000000   Number         0  stubs.o ABSOLUTE
    _printf_i                                0x00000000   Number         0  stubs.o ABSOLUTE
    _printf_int_dec                          0x00000000   Number         0  stubs.o ABSOLUTE
    _printf_l                                0x00000000   Number         0  stubs.o ABSOLUTE
    _printf_lc                               0x00000000   Number         0  stubs.o ABSOLUTE
    _printf_ll                               0x00000000   Number         0  stubs.o ABSOLUTE
    _printf_lld                              0x00000000   Number         0  stubs.o ABSOLUTE
    _printf_lli                              0x00000000   Number         0  stubs.o ABSOLUTE
    _printf_llo                              0x00000000   Number         0  stubs.o ABSOLUTE
    _printf_llu                              0x00000000   Number         0  stubs.o ABSOLUTE
    _printf_llx                              0x00000000   Number         0  stubs.o ABSOLUTE
    _printf_longlong_dec                     0x00000000   Number         0  stubs.o ABSOLUTE
    _printf_longlong_hex                     0x00000000   Number         0  stubs.o ABSOLUTE
    _printf_longlong_oct                     0x00000000   Number         0  stubs.o ABSOLUTE
    _printf_ls                               0x00000000   Number         0  stubs.o ABSOLUTE
    _printf_mbtowc                           0x00000000   Number         0  stubs.o ABSOLUTE
    _printf_n                                0x00000000   Number         0  stubs.o ABSOLUTE
    _printf_o                                0x00000000   Number         0  stubs.o ABSOLUTE
    _printf_p                                0x00000000   Number         0  stubs.o ABSOLUTE
    _printf_percent                          0x00000000   Number         0  stubs.o ABSOLUTE
    _printf_pre_padding                      0x00000000   Number         0  stubs.o ABSOLUTE
    _printf_return_value                     0x00000000   Number         0  stubs.o ABSOLUTE
    _printf_s                                0x00000000   Number         0  stubs.o ABSOLUTE
    _printf_sizespec                         0x00000000   Number         0  stubs.o ABSOLUTE
    _printf_str                              0x00000000   Number         0  stubs.o ABSOLUTE
    _printf_truncate_signed                  0x00000000   Number         0  stubs.o ABSOLUTE
    _printf_truncate_unsigned                0x00000000   Number         0  stubs.o ABSOLUTE
    _printf_u                                0x00000000   Number         0  stubs.o ABSOLUTE
    _printf_wc                               0x00000000   Number         0  stubs.o ABSOLUTE
    _printf_wctomb                           0x00000000   Number         0  stubs.o ABSOLUTE
    _printf_widthprec                        0x00000000   Number         0  stubs.o ABSOLUTE
    _printf_x                                0x00000000   Number         0  stubs.o ABSOLUTE
    __cpp_initialize__aeabi_                  - Undefined Weak Reference
    __cxa_finalize                            - Undefined Weak Reference
    _clock_init                               - Undefined Weak Reference
    _microlib_exit                            - Undefined Weak Reference
    __Vectors_Size                           0x000001ac   Number         0  startup_stm32f429_439xx.o ABSOLUTE
    __Vectors                                0x08000000   Data           4  startup_stm32f429_439xx.o(RESET)
    __Vectors_End                            0x080001ac   Data           0  startup_stm32f429_439xx.o(RESET)
    __main                                   0x080001ad   Thumb Code     0  entry.o(.ARM.Collect$$$$00000000)
    _main_stk                                0x080001ad   Thumb Code     0  entry2.o(.ARM.Collect$$$$00000001)
    _main_scatterload                        0x080001b1   Thumb Code     0  entry5.o(.ARM.Collect$$$$00000004)
    __main_after_scatterload                 0x080001b5   Thumb Code     0  entry5.o(.ARM.Collect$$$$00000004)
    _main_clock                              0x080001b5   Thumb Code     0  entry7b.o(.ARM.Collect$$$$00000008)
    _main_cpp_init                           0x080001b5   Thumb Code     0  entry8b.o(.ARM.Collect$$$$0000000A)
    _main_init                               0x080001b5   Thumb Code     0  entry9a.o(.ARM.Collect$$$$0000000B)
    __rt_final_cpp                           0x080001bd   Thumb Code     0  entry10a.o(.ARM.Collect$$$$0000000D)
    __rt_final_exit                          0x080001bd   Thumb Code     0  entry11a.o(.ARM.Collect$$$$0000000F)
    Reset_Handler                            0x080001c1   Thumb Code     8  startup_stm32f429_439xx.o(.text)
    ADC_IRQHandler                           0x080001db   Thumb Code     0  startup_stm32f429_439xx.o(.text)
    CAN1_RX0_IRQHandler                      0x080001db   Thumb Code     0  startup_stm32f429_439xx.o(.text)
    CAN1_RX1_IRQHandler                      0x080001db   Thumb Code     0  startup_stm32f429_439xx.o(.text)
    CAN1_SCE_IRQHandler                      0x080001db   Thumb Code     0  startup_stm32f429_439xx.o(.text)
    CAN1_TX_IRQHandler                       0x080001db   Thumb Code     0  startup_stm32f429_439xx.o(.text)
    CAN2_RX0_IRQHandler                      0x080001db   Thumb Code     0  startup_stm32f429_439xx.o(.text)
    CAN2_RX1_IRQHandler                      0x080001db   Thumb Code     0  startup_stm32f429_439xx.o(.text)
    CAN2_SCE_IRQHandler                      0x080001db   Thumb Code     0  startup_stm32f429_439xx.o(.text)
    CAN2_TX_IRQHandler                       0x080001db   Thumb Code     0  startup_stm32f429_439xx.o(.text)
    CRYP_IRQHandler                          0x080001db   Thumb Code     0  startup_stm32f429_439xx.o(.text)
    DCMI_IRQHandler                          0x080001db   Thumb Code     0  startup_stm32f429_439xx.o(.text)
    DMA1_Stream0_IRQHandler                  0x080001db   Thumb Code     0  startup_stm32f429_439xx.o(.text)
    DMA1_Stream1_IRQHandler                  0x080001db   Thumb Code     0  startup_stm32f429_439xx.o(.text)
    DMA1_Stream2_IRQHandler                  0x080001db   Thumb Code     0  startup_stm32f429_439xx.o(.text)
    DMA1_Stream3_IRQHandler                  0x080001db   Thumb Code     0  startup_stm32f429_439xx.o(.text)
    DMA1_Stream4_IRQHandler                  0x080001db   Thumb Code     0  startup_stm32f429_439xx.o(.text)
    DMA1_Stream5_IRQHandler                  0x080001db   Thumb Code     0  startup_stm32f429_439xx.o(.text)
    DMA1_Stream6_IRQHandler                  0x080001db   Thumb Code     0  startup_stm32f429_439xx.o(.text)
    DMA1_Stream7_IRQHandler                  0x080001db   Thumb Code     0  startup_stm32f429_439xx.o(.text)
    DMA2D_IRQHandler                         0x080001db   Thumb Code     0  startup_stm32f429_439xx.o(.text)
    DMA2_Stream0_IRQHandler                  0x080001db   Thumb Code     0  startup_stm32f429_439xx.o(.text)
    DMA2_Stream1_IRQHandler                  0x080001db   Thumb Code     0  startup_stm32f429_439xx.o(.text)
    DMA2_Stream2_IRQHandler                  0x080001db   Thumb Code     0  startup_stm32f429_439xx.o(.text)
    DMA2_Stream3_IRQHandler                  0x080001db   Thumb Code     0  startup_stm32f429_439xx.o(.text)
    DMA2_Stream4_IRQHandler                  0x080001db   Thumb Code     0  startup_stm32f429_439xx.o(.text)
    DMA2_Stream5_IRQHandler                  0x080001db   Thumb Code     0  startup_stm32f429_439xx.o(.text)
    DMA2_Stream6_IRQHandler                  0x080001db   Thumb Code     0  startup_stm32f429_439xx.o(.text)
    DMA2_Stream7_IRQHandler                  0x080001db   Thumb Code     0  startup_stm32f429_439xx.o(.text)
    ETH_IRQHandler                           0x080001db   Thumb Code     0  startup_stm32f429_439xx.o(.text)
    ETH_WKUP_IRQHandler                      0x080001db   Thumb Code     0  startup_stm32f429_439xx.o(.text)
    EXTI0_IRQHandler                         0x080001db   Thumb Code     0  startup_stm32f429_439xx.o(.text)
    EXTI15_10_IRQHandler                     0x080001db   Thumb Code     0  startup_stm32f429_439xx.o(.text)
    EXTI1_IRQHandler                         0x080001db   Thumb Code     0  startup_stm32f429_439xx.o(.text)
    EXTI2_IRQHandler                         0x080001db   Thumb Code     0  startup_stm32f429_439xx.o(.text)
    EXTI3_IRQHandler                         0x080001db   Thumb Code     0  startup_stm32f429_439xx.o(.text)
    EXTI4_IRQHandler                         0x080001db   Thumb Code     0  startup_stm32f429_439xx.o(.text)
    EXTI9_5_IRQHandler                       0x080001db   Thumb Code     0  startup_stm32f429_439xx.o(.text)
    FLASH_IRQHandler                         0x080001db   Thumb Code     0  startup_stm32f429_439xx.o(.text)
    FMC_IRQHandler                           0x080001db   Thumb Code     0  startup_stm32f429_439xx.o(.text)
    FPU_IRQHandler                           0x080001db   Thumb Code     0  startup_stm32f429_439xx.o(.text)
    HASH_RNG_IRQHandler                      0x080001db   Thumb Code     0  startup_stm32f429_439xx.o(.text)
    I2C1_ER_IRQHandler                       0x080001db   Thumb Code     0  startup_stm32f429_439xx.o(.text)
    I2C1_EV_IRQHandler                       0x080001db   Thumb Code     0  startup_stm32f429_439xx.o(.text)
    I2C2_ER_IRQHandler                       0x080001db   Thumb Code     0  startup_stm32f429_439xx.o(.text)
    I2C2_EV_IRQHandler                       0x080001db   Thumb Code     0  startup_stm32f429_439xx.o(.text)
    I2C3_ER_IRQHandler                       0x080001db   Thumb Code     0  startup_stm32f429_439xx.o(.text)
    I2C3_EV_IRQHandler                       0x080001db   Thumb Code     0  startup_stm32f429_439xx.o(.text)
    LTDC_ER_IRQHandler                       0x080001db   Thumb Code     0  startup_stm32f429_439xx.o(.text)
    LTDC_IRQHandler                          0x080001db   Thumb Code     0  startup_stm32f429_439xx.o(.text)
    OTG_FS_IRQHandler                        0x080001db   Thumb Code     0  startup_stm32f429_439xx.o(.text)
    OTG_FS_WKUP_IRQHandler                   0x080001db   Thumb Code     0  startup_stm32f429_439xx.o(.text)
    OTG_HS_EP1_IN_IRQHandler                 0x080001db   Thumb Code     0  startup_stm32f429_439xx.o(.text)
    OTG_HS_EP1_OUT_IRQHandler                0x080001db   Thumb Code     0  startup_stm32f429_439xx.o(.text)
    OTG_HS_IRQHandler                        0x080001db   Thumb Code     0  startup_stm32f429_439xx.o(.text)
    OTG_HS_WKUP_IRQHandler                   0x080001db   Thumb Code     0  startup_stm32f429_439xx.o(.text)
    PVD_IRQHandler                           0x080001db   Thumb Code     0  startup_stm32f429_439xx.o(.text)
    RCC_IRQHandler                           0x080001db   Thumb Code     0  startup_stm32f429_439xx.o(.text)
    RTC_Alarm_IRQHandler                     0x080001db   Thumb Code     0  startup_stm32f429_439xx.o(.text)
    RTC_WKUP_IRQHandler                      0x080001db   Thumb Code     0  startup_stm32f429_439xx.o(.text)
    SAI1_IRQHandler                          0x080001db   Thumb Code     0  startup_stm32f429_439xx.o(.text)
    SDIO_IRQHandler                          0x080001db   Thumb Code     0  startup_stm32f429_439xx.o(.text)
    SPI1_IRQHandler                          0x080001db   Thumb Code     0  startup_stm32f429_439xx.o(.text)
    SPI2_IRQHandler                          0x080001db   Thumb Code     0  startup_stm32f429_439xx.o(.text)
    SPI3_IRQHandler                          0x080001db   Thumb Code     0  startup_stm32f429_439xx.o(.text)
    SPI4_IRQHandler                          0x080001db   Thumb Code     0  startup_stm32f429_439xx.o(.text)
    SPI5_IRQHandler                          0x080001db   Thumb Code     0  startup_stm32f429_439xx.o(.text)
    SPI6_IRQHandler                          0x080001db   Thumb Code     0  startup_stm32f429_439xx.o(.text)
    TAMP_STAMP_IRQHandler                    0x080001db   Thumb Code     0  startup_stm32f429_439xx.o(.text)
    TIM1_BRK_TIM9_IRQHandler                 0x080001db   Thumb Code     0  startup_stm32f429_439xx.o(.text)
    TIM1_CC_IRQHandler                       0x080001db   Thumb Code     0  startup_stm32f429_439xx.o(.text)
    TIM1_TRG_COM_TIM11_IRQHandler            0x080001db   Thumb Code     0  startup_stm32f429_439xx.o(.text)
    TIM1_UP_TIM10_IRQHandler                 0x080001db   Thumb Code     0  startup_stm32f429_439xx.o(.text)
    TIM6_DAC_IRQHandler                      0x080001db   Thumb Code     0  startup_stm32f429_439xx.o(.text)
    TIM7_IRQHandler                          0x080001db   Thumb Code     0  startup_stm32f429_439xx.o(.text)
    TIM8_BRK_TIM12_IRQHandler                0x080001db   Thumb Code     0  startup_stm32f429_439xx.o(.text)
    TIM8_CC_IRQHandler                       0x080001db   Thumb Code     0  startup_stm32f429_439xx.o(.text)
    TIM8_TRG_COM_TIM14_IRQHandler            0x080001db   Thumb Code     0  startup_stm32f429_439xx.o(.text)
    TIM8_UP_TIM13_IRQHandler                 0x080001db   Thumb Code     0  startup_stm32f429_439xx.o(.text)
    UART4_IRQHandler                         0x080001db   Thumb Code     0  startup_stm32f429_439xx.o(.text)
    UART5_IRQHandler                         0x080001db   Thumb Code     0  startup_stm32f429_439xx.o(.text)
    UART7_IRQHandler                         0x080001db   Thumb Code     0  startup_stm32f429_439xx.o(.text)
    UART8_IRQHandler                         0x080001db   Thumb Code     0  startup_stm32f429_439xx.o(.text)
    USART1_IRQHandler                        0x080001db   Thumb Code     0  startup_stm32f429_439xx.o(.text)
    USART3_IRQHandler                        0x080001db   Thumb Code     0  startup_stm32f429_439xx.o(.text)
    USART6_IRQHandler                        0x080001db   Thumb Code     0  startup_stm32f429_439xx.o(.text)
    WWDG_IRQHandler                          0x080001db   Thumb Code     0  startup_stm32f429_439xx.o(.text)
    __aeabi_memcpy                           0x080001e5   Thumb Code    36  memcpya.o(.text)
    __aeabi_memcpy4                          0x080001e5   Thumb Code     0  memcpya.o(.text)
    __aeabi_memcpy8                          0x080001e5   Thumb Code     0  memcpya.o(.text)
    __aeabi_dadd                             0x08000209   Thumb Code   322  dadd.o(.text)
    __aeabi_dsub                             0x0800034b   Thumb Code     6  dadd.o(.text)
    __aeabi_drsub                            0x08000351   Thumb Code     6  dadd.o(.text)
    __aeabi_dmul                             0x08000357   Thumb Code   228  dmul.o(.text)
    __aeabi_ddiv                             0x0800043b   Thumb Code   222  ddiv.o(.text)
    __aeabi_i2d                              0x08000519   Thumb Code    34  dflti.o(.text)
    __aeabi_l2d                              0x0800053b   Thumb Code    40  dfltl.o(.text)
    __aeabi_d2iz                             0x08000563   Thumb Code    62  dfixi.o(.text)
    __aeabi_f2d                              0x080005a1   Thumb Code    38  f2d.o(.text)
    __aeabi_d2f                              0x080005c7   Thumb Code    56  d2f.o(.text)
    __aeabi_uidiv                            0x080005ff   Thumb Code     0  uidiv.o(.text)
    __aeabi_uidivmod                         0x080005ff   Thumb Code    44  uidiv.o(.text)
    __aeabi_uldivmod                         0x0800062b   Thumb Code    98  uldiv.o(.text)
    __aeabi_llsl                             0x0800068d   Thumb Code    30  llshl.o(.text)
    _ll_shift_l                              0x0800068d   Thumb Code     0  llshl.o(.text)
    __aeabi_llsr                             0x080006ab   Thumb Code    32  llushr.o(.text)
    _ll_ushift_r                             0x080006ab   Thumb Code     0  llushr.o(.text)
    __aeabi_lasr                             0x080006cb   Thumb Code    36  llsshr.o(.text)
    _ll_sshift_r                             0x080006cb   Thumb Code     0  llsshr.o(.text)
    __I$use$fp                               0x080006ef   Thumb Code     0  iusefp.o(.text)
    _float_round                             0x080006ef   Thumb Code    18  fepilogue.o(.text)
    _float_epilogue                          0x08000701   Thumb Code    92  fepilogue.o(.text)
    _double_round                            0x0800075d   Thumb Code    30  depilogue.o(.text)
    _double_epilogue                         0x0800077b   Thumb Code   156  depilogue.o(.text)
    __aeabi_d2ulz                            0x08000817   Thumb Code    48  dfixul.o(.text)
    __aeabi_cdrcmple                         0x08000849   Thumb Code    48  cdrcmple.o(.text)
    __scatterload                            0x08000879   Thumb Code    28  init.o(.text)
    __scatterload_rt2                        0x08000879   Thumb Code     0  init.o(.text)
    __decompress                             0x0800089d   Thumb Code     0  __dczerorl2.o(.text)
    __decompress1                            0x0800089d   Thumb Code    86  __dczerorl2.o(.text)
    ADS1256ReadData                          0x080008f5   Thumb Code   106  ads1256.o(i.ADS1256ReadData)
    ADS1256WREG                              0x08000969   Thumb Code    60  ads1256.o(i.ADS1256WREG)
    ADS1256_Init                             0x080009ad   Thumb Code   130  ads1256.o(i.ADS1256_Init)
    AUTO_ZERO                                0x08000a3d   Thumb Code    44  modbus.o(i.AUTO_ZERO)
    BusFault_Handler                         0x08000a71   Thumb Code     2  stm32f4xx_it.o(i.BusFault_Handler)
    DEBUG_USART_Config                       0x08000a75   Thumb Code   142  bsp_debug_usart.o(i.DEBUG_USART_Config)
    DebugMon_Handler                         0x08000b0d   Thumb Code     2  stm32f4xx_it.o(i.DebugMon_Handler)
    Delay_us                                 0x08000b11   Thumb Code    16  bsp_systick.o(i.Delay_us)
    Delays1                                  0x08000b25   Thumb Code    10  data_processing.o(i.Delays1)
    EnterCriticalSection                     0x08000b2f   Thumb Code     4  port.o(i.EnterCriticalSection)
    ExitCriticalSection                      0x08000b33   Thumb Code     4  port.o(i.ExitCriticalSection)
    GPIO_Init                                0x08000b37   Thumb Code   124  stm32f4xx_gpio.o(i.GPIO_Init)
    GPIO_PinAFConfig                         0x08000bb3   Thumb Code    32  stm32f4xx_gpio.o(i.GPIO_PinAFConfig)
    GPIO_ReadInputDataBit                    0x08000bd3   Thumb Code    14  stm32f4xx_gpio.o(i.GPIO_ReadInputDataBit)
    GPIO_ResetBits                           0x08000be1   Thumb Code     4  stm32f4xx_gpio.o(i.GPIO_ResetBits)
    GPIO_SetBits                             0x08000be5   Thumb Code     4  stm32f4xx_gpio.o(i.GPIO_SetBits)
    HardFault_Handler                        0x08000be9   Thumb Code     2  stm32f4xx_it.o(i.HardFault_Handler)
    Init_ADS1256_GPIO                        0x08000bed   Thumb Code   106  ads1256.o(i.Init_ADS1256_GPIO)
    Key_GPIO_Config                          0x08000c61   Thumb Code    48  bsp_exti.o(i.Key_GPIO_Config)
    Key_Scan                                 0x08000c99   Thumb Code    38  bsp_exti.o(i.Key_Scan)
    LED_GPIO_Config                          0x08000cc1   Thumb Code    72  bsp_led.o(i.LED_GPIO_Config)
    MemManage_Handler                        0x08000d0d   Thumb Code     2  stm32f4xx_it.o(i.MemManage_Handler)
    NMI_Handler                              0x08000d0f   Thumb Code     2  stm32f4xx_it.o(i.NMI_Handler)
    NVIC_Init                                0x08000d11   Thumb Code    98  misc.o(i.NVIC_Init)
    NVIC_PriorityGroupConfig                 0x08000d79   Thumb Code    10  misc.o(i.NVIC_PriorityGroupConfig)
    PendSV_Handler                           0x08000d8d   Thumb Code     2  stm32f4xx_it.o(i.PendSV_Handler)
    Press_z_f                                0x08000d91   Thumb Code   240  main.o(i.Press_z_f)
    RCC_AHB1PeriphClockCmd                   0x08000e99   Thumb Code    22  stm32f4xx_rcc.o(i.RCC_AHB1PeriphClockCmd)
    RCC_APB1PeriphClockCmd                   0x08000eb5   Thumb Code    22  stm32f4xx_rcc.o(i.RCC_APB1PeriphClockCmd)
    RCC_APB1PeriphResetCmd                   0x08000ed1   Thumb Code    22  stm32f4xx_rcc.o(i.RCC_APB1PeriphResetCmd)
    RCC_APB2PeriphClockCmd                   0x08000eed   Thumb Code    22  stm32f4xx_rcc.o(i.RCC_APB2PeriphClockCmd)
    RCC_APB2PeriphResetCmd                   0x08000f09   Thumb Code    22  stm32f4xx_rcc.o(i.RCC_APB2PeriphResetCmd)
    RCC_GetClocksFreq                        0x08000f25   Thumb Code   148  stm32f4xx_rcc.o(i.RCC_GetClocksFreq)
    Relay_Config                             0x08000fc9   Thumb Code   254  relay.o(i.Relay_Config)
    Relay_control                            0x080010e5   Thumb Code   312  modbus.o(i.Relay_control)
    SPI1_Init                                0x08001241   Thumb Code   154  ads1256.o(i.SPI1_Init)
    SPI_Cmd                                  0x080012e5   Thumb Code    24  stm32f4xx_spi.o(i.SPI_Cmd)
    SPI_I2S_GetFlagStatus                    0x080012fd   Thumb Code    14  stm32f4xx_spi.o(i.SPI_I2S_GetFlagStatus)
    SPI_I2S_ReceiveData                      0x0800130b   Thumb Code     4  stm32f4xx_spi.o(i.SPI_I2S_ReceiveData)
    SPI_I2S_SendData                         0x0800130f   Thumb Code     4  stm32f4xx_spi.o(i.SPI_I2S_SendData)
    SPI_Init                                 0x08001313   Thumb Code    56  stm32f4xx_spi.o(i.SPI_Init)
    SPI_WriteByte                            0x0800134d   Thumb Code    54  ads1256.o(i.SPI_WriteByte)
    STOP_INTERRUP                            0x08001389   Thumb Code    56  main.o(i.STOP_INTERRUP)
    SVC_Handler                              0x080013d5   Thumb Code     2  stm32f4xx_it.o(i.SVC_Handler)
    Setzero_Init                             0x080014ad   Thumb Code    74  data_processing.o(i.Setzero_Init)
    Step                                     0x08001525   Thumb Code   288  modbus.o(i.Step)
    SysTick_Handler                          0x08001671   Thumb Code     4  stm32f4xx_it.o(i.SysTick_Handler)
    SysTick_Init                             0x08001675   Thumb Code    52  bsp_systick.o(i.SysTick_Init)
    SystemInit                               0x080016b5   Thumb Code    74  system_stm32f4xx.o(i.SystemInit)
    TIM2_IRQHandler                          0x08001711   Thumb Code    18  stm32f4xx_it.o(i.TIM2_IRQHandler)
    TIM3_IRQHandler                          0x08001725   Thumb Code    26  stm32f4xx_it.o(i.TIM3_IRQHandler)
    TIM4_IRQHandler                          0x08001749   Thumb Code    26  stm32f4xx_it.o(i.TIM4_IRQHandler)
    TIM5_IRQHandler                          0x0800176d   Thumb Code    98  stm32f4xx_it.o(i.TIM5_IRQHandler)
    TIMERExpiredISR                          0x080017e9   Thumb Code     6  porttimer.o(i.TIMERExpiredISR)
    TIM_ARRPreloadConfig                     0x080017f5   Thumb Code    24  stm32f4xx_tim.o(i.TIM_ARRPreloadConfig)
    TIM_ClearFlag                            0x0800180d   Thumb Code     6  stm32f4xx_tim.o(i.TIM_ClearFlag)
    TIM_ClearITPendingBit                    0x08001813   Thumb Code     6  stm32f4xx_tim.o(i.TIM_ClearITPendingBit)
    TIM_Cmd                                  0x08001819   Thumb Code    24  stm32f4xx_tim.o(i.TIM_Cmd)
    TIM_DeInit                               0x08001831   Thumb Code   376  stm32f4xx_tim.o(i.TIM_DeInit)
    TIM_ITConfig                             0x080019dd   Thumb Code    20  stm32f4xx_tim.o(i.TIM_ITConfig)
    TIM_SetCounter                           0x08001a3d   Thumb Code     4  stm32f4xx_tim.o(i.TIM_SetCounter)
    TIM_TimeBaseInit                         0x08001a41   Thumb Code    96  stm32f4xx_tim.o(i.TIM_TimeBaseInit)
    TIMx_Configuration                       0x08001abd   Thumb Code    14  timer1.o(i.TIMx_Configuration)
    Timer5_config                            0x08001af5   Thumb Code   124  timer5.o(i.Timer5_config)
    TimingDelay_Decrement                    0x08001b75   Thumb Code    16  bsp_systick.o(i.TimingDelay_Decrement)
    USART2_IRQHandler                        0x08001b89   Thumb Code    56  stm32f4xx_it.o(i.USART2_IRQHandler)
    USART_ClearITPendingBit                  0x08001bc5   Thumb Code    16  stm32f4xx_usart.o(i.USART_ClearITPendingBit)
    USART_Cmd                                0x08001bd5   Thumb Code    24  stm32f4xx_usart.o(i.USART_Cmd)
    USART_GetFlagStatus                      0x08001bed   Thumb Code    14  stm32f4xx_usart.o(i.USART_GetFlagStatus)
    USART_GetITStatus                        0x08001bfb   Thumb Code    64  stm32f4xx_usart.o(i.USART_GetITStatus)
    USART_ITConfig                           0x08001c3b   Thumb Code    54  stm32f4xx_usart.o(i.USART_ITConfig)
    USART_Init                               0x08001c71   Thumb Code   180  stm32f4xx_usart.o(i.USART_Init)
    USART_ReceiveData                        0x08001d2d   Thumb Code     8  stm32f4xx_usart.o(i.USART_ReceiveData)
    USART_SendData                           0x08001d35   Thumb Code     8  stm32f4xx_usart.o(i.USART_SendData)
    UsageFault_Handler                       0x08001d3d   Thumb Code     2  stm32f4xx_it.o(i.UsageFault_Handler)
    __0printf                                0x08001d41   Thumb Code    22  printfa.o(i.__0printf)
    __1printf                                0x08001d41   Thumb Code     0  printfa.o(i.__0printf)
    __2printf                                0x08001d41   Thumb Code     0  printfa.o(i.__0printf)
    __c89printf                              0x08001d41   Thumb Code     0  printfa.o(i.__0printf)
    printf                                   0x08001d41   Thumb Code     0  printfa.o(i.__0printf)
    __scatterload_copy                       0x08001d61   Thumb Code    14  handlers.o(i.__scatterload_copy)
    __scatterload_null                       0x08001d6f   Thumb Code     2  handlers.o(i.__scatterload_null)
    __scatterload_zeroinit                   0x08001d71   Thumb Code    14  handlers.o(i.__scatterload_zeroinit)
    caijitongdao                             0x08002635   Thumb Code   912  data_processing.o(i.caijitongdao)
    eMBEnable                                0x08002a61   Thumb Code    28  mb.o(i.eMBEnable)
    eMBFuncReadCoils                         0x08002a81   Thumb Code   124  mbfunccoils.o(i.eMBFuncReadCoils)
    eMBFuncReadDiscreteInputs                0x08002afd   Thumb Code   120  mbfuncdisc.o(i.eMBFuncReadDiscreteInputs)
    eMBFuncReadHoldingRegister               0x08002b75   Thumb Code    96  mbfuncholding.o(i.eMBFuncReadHoldingRegister)
    eMBFuncReadInputRegister                 0x08002bd5   Thumb Code   100  mbfuncinput.o(i.eMBFuncReadInputRegister)
    eMBFuncReadWriteMultipleHoldingRegister  0x08002c39   Thumb Code   156  mbfuncholding.o(i.eMBFuncReadWriteMultipleHoldingRegister)
    eMBFuncReportSlaveID                     0x08002cd5   Thumb Code    26  mbfuncother.o(i.eMBFuncReportSlaveID)
    eMBFuncWriteCoil                         0x08002cf9   Thumb Code    90  mbfunccoils.o(i.eMBFuncWriteCoil)
    eMBFuncWriteHoldingRegister              0x08002d53   Thumb Code    50  mbfuncholding.o(i.eMBFuncWriteHoldingRegister)
    eMBFuncWriteMultipleCoils                0x08002d85   Thumb Code   102  mbfunccoils.o(i.eMBFuncWriteMultipleCoils)
    eMBFuncWriteMultipleHoldingRegister      0x08002deb   Thumb Code    82  mbfuncholding.o(i.eMBFuncWriteMultipleHoldingRegister)
    eMBInit                                  0x08002e3d   Thumb Code    98  mb.o(i.eMBInit)
    eMBPoll                                  0x08002ec1   Thumb Code   166  mb.o(i.eMBPoll)
    eMBRTUInit                               0x08002f6d   Thumb Code    58  mbrtu.o(i.eMBRTUInit)
    eMBRTUReceive                            0x08002fad   Thumb Code    68  mbrtu.o(i.eMBRTUReceive)
    eMBRTUSend                               0x08002ff9   Thumb Code    94  mbrtu.o(i.eMBRTUSend)
    eMBRTUStart                              0x08003061   Thumb Code    32  mbrtu.o(i.eMBRTUStart)
    eMBRTUStop                               0x08003085   Thumb Code    26  mbrtu.o(i.eMBRTUStop)
    eMBRegCoilsCB                            0x080030a1   Thumb Code   170  modbus.o(i.eMBRegCoilsCB)
    eMBRegDiscreteCB                         0x08003155   Thumb Code   120  modbus.o(i.eMBRegDiscreteCB)
    eMBRegHoldingCB                          0x080031d1   Thumb Code    94  modbus.o(i.eMBRegHoldingCB)
    eMBRegInputCB                            0x08003239   Thumb Code    58  modbus.o(i.eMBRegInputCB)
    fputc                                    0x0800327d   Thumb Code    30  bsp_debug_usart.o(i.fputc)
    lvbo                                     0x080032a1   Thumb Code   484  data_processing.o(i.lvbo)
    main                                     0x080034ed   Thumb Code   222  main.o(i.main)
    out_start_stop                           0x080035ed   Thumb Code   146  main.o(i.out_start_stop)
    prveMBError2Exception                    0x080036ad   Thumb Code    28  mbutils.o(i.prveMBError2Exception)
    prvvUARTRxISR                            0x080036c9   Thumb Code     6  portserial.o(i.prvvUARTRxISR)
    prvvUARTTxReadyISR                       0x080036d5   Thumb Code     6  portserial.o(i.prvvUARTTxReadyISR)
    set_zero                                 0x080036e1   Thumb Code   110  data_processing.o(i.set_zero)
    usMBCRC16                                0x08003791   Thumb Code    38  mbcrc.o(i.usMBCRC16)
    vMBPortSerialEnable                      0x080037bd   Thumb Code    64  portserial.o(i.vMBPortSerialEnable)
    vMBPortTimersDisable                     0x08003801   Thumb Code    34  porttimer.o(i.vMBPortTimersDisable)
    vMBPortTimersEnable                      0x08003823   Thumb Code    42  porttimer.o(i.vMBPortTimersEnable)
    xMBPortEventGet                          0x0800384d   Thumb Code    24  portevent.o(i.xMBPortEventGet)
    xMBPortEventInit                         0x08003869   Thumb Code    10  portevent.o(i.xMBPortEventInit)
    xMBPortEventPost                         0x08003879   Thumb Code    12  portevent.o(i.xMBPortEventPost)
    xMBPortSerialGetByte                     0x08003889   Thumb Code    16  portserial.o(i.xMBPortSerialGetByte)
    xMBPortSerialInit                        0x0800389d   Thumb Code   220  portserial.o(i.xMBPortSerialInit)
    xMBPortSerialPutByte                     0x08003981   Thumb Code    14  portserial.o(i.xMBPortSerialPutByte)
    xMBPortTimersInit                        0x08003995   Thumb Code   126  porttimer.o(i.xMBPortTimersInit)
    xMBRTUReceiveFSM                         0x08003a15   Thumb Code   102  mbrtu.o(i.xMBRTUReceiveFSM)
    xMBRTUTimerT35Expired                    0x08003a85   Thumb Code    48  mbrtu.o(i.xMBRTUTimerT35Expired)
    xMBRTUTransmitFSM                        0x08003ab9   Thumb Code    78  mbrtu.o(i.xMBRTUTransmitFSM)
    xMBUtilGetBits                           0x08003b0d   Thumb Code    34  mbutils.o(i.xMBUtilGetBits)
    xMBUtilSetBits                           0x08003b2f   Thumb Code    42  mbutils.o(i.xMBUtilSetBits)
    Region$$Table$$Base                      0x08003d58   Number         0  anon$$obj.o(Region$$Table)
    Region$$Table$$Limit                     0x08003d78   Number         0  anon$$obj.o(Region$$Table)
    SystemCoreClock                          0x20000000   Data           4  system_stm32f4xx.o(.data)
    AHBPrescTable                            0x20000004   Data          16  system_stm32f4xx.o(.data)
    press_z_flag                             0x20000024   Data           2  main.o(.data)
    press_f_flag                             0x20000026   Data           2  main.o(.data)
    Start_Over_Flag_1                        0x20000028   Data           2  main.o(.data)
    GS_Flag                                  0x2000002a   Data           2  modbus.o(.data)
    usSDiscInStart                           0x2000002c   Data           2  modbus.o(.data)
    usSCoilStart                             0x2000002e   Data           2  modbus.o(.data)
    usSRegInStart                            0x20000030   Data           2  modbus.o(.data)
    usSRegHoldStart                          0x20000032   Data           2  modbus.o(.data)
    time                                     0x20000034   Data           2  modbus.o(.data)
    ucSDiscInBuf                             0x20000036   Data           2  modbus.o(.data)
    Timer3_cout                              0x20000038   Data           4  modbus.o(.data)
    test_data27                              0x2000003c   Data           4  modbus.o(.data)
    Timer5_cout                              0x20000040   Data           4  modbus.o(.data)
    Timer4_cout                              0x20000044   Data           4  modbus.o(.data)
    quyanggeshu                              0x2000004c   Data           1  data_processing.o(.data)
    biaozun_AD1                              0x20000050   Data           4  data_processing.o(.data)
    liangcheng_101                           0x20000054   Data           4  data_processing.o(.data)
    fenzixishu1                              0x20000058   Data           4  data_processing.o(.data)
    test_data1                               0x2000005c   Data           4  data_processing.o(.data)
    test_data20                              0x20000060   Data           4  data_processing.o(.data)
    test_data21                              0x20000064   Data           4  data_processing.o(.data)
    test_data23                              0x20000068   Data           4  data_processing.o(.data)
    test_data24                              0x2000006c   Data           4  data_processing.o(.data)
    test_data25                              0x20000070   Data           4  data_processing.o(.data)
    biaozun_AD                               0x20000074   Data           4  data_processing.o(.data)
    AD_10                                    0x20000078   Data           4  data_processing.o(.data)
    AD_100                                   0x2000007c   Data           4  data_processing.o(.data)
    yalizhi_10                               0x20000080   Data           4  data_processing.o(.data)
    yalizhi_100                              0x20000084   Data           4  data_processing.o(.data)
    liangcheng_1001                          0x20000088   Data           4  data_processing.o(.data)
    pxMBFrameCBByteReceived                  0x200000b0   Data           4  mb.o(.data)
    pxMBFrameCBTransmitterEmpty              0x200000b4   Data           4  mb.o(.data)
    pxMBPortCBTimerExpired                   0x200000b8   Data           4  mb.o(.data)
    __stdout                                 0x2000014c   Data           4  stdout.o(.data)
    ucSCoilBuf                               0x20000150   Data          14  modbus.o(.bss)
    usSRegInBuf                              0x2000015e   Data         200  modbus.o(.bss)
    usSRegHoldBuf                            0x20000226   Data         500  modbus.o(.bss)
    pianyiliang                              0x20000420   Data          16  data_processing.o(.bss)
    Adc                                      0x20000430   Data          16  data_processing.o(.bss)
    channel                                  0x20000440   Data         384  data_processing.o(.bss)
    ucRTUBuf                                 0x200005e0   Data         256  mbrtu.o(.bss)
    __initial_sp                             0x20000ae0   Data           0  startup_stm32f429_439xx.o(STACK)



==============================================================================

Memory Map of the image

  Image Entry point : 0x080001ad

  Load Region LR_IROM1 (Base: 0x08000000, Size: 0x00003ec8, Max: 0x00100000, ABSOLUTE, COMPRESSED[0x00003ddc])

    Execution Region ER_IROM1 (Base: 0x08000000, Size: 0x00003d78, Max: 0x00100000, ABSOLUTE)

    Base Addr    Size         Type   Attr      Idx    E Section Name        Object

    0x08000000   0x000001ac   Data   RO            3    RESET               startup_stm32f429_439xx.o
    0x080001ac   0x00000000   Code   RO         6487  * .ARM.Collect$$$$00000000  mc_w.l(entry.o)
    0x080001ac   0x00000004   Code   RO         6771    .ARM.Collect$$$$00000001  mc_w.l(entry2.o)
    0x080001b0   0x00000004   Code   RO         6774    .ARM.Collect$$$$00000004  mc_w.l(entry5.o)
    0x080001b4   0x00000000   Code   RO         6776    .ARM.Collect$$$$00000008  mc_w.l(entry7b.o)
    0x080001b4   0x00000000   Code   RO         6778    .ARM.Collect$$$$0000000A  mc_w.l(entry8b.o)
    0x080001b4   0x00000008   Code   RO         6779    .ARM.Collect$$$$0000000B  mc_w.l(entry9a.o)
    0x080001bc   0x00000000   Code   RO         6781    .ARM.Collect$$$$0000000D  mc_w.l(entry10a.o)
    0x080001bc   0x00000000   Code   RO         6783    .ARM.Collect$$$$0000000F  mc_w.l(entry11a.o)
    0x080001bc   0x00000004   Code   RO         6772    .ARM.Collect$$$$00002712  mc_w.l(entry2.o)
    0x080001c0   0x00000024   Code   RO            4    .text               startup_stm32f429_439xx.o
    0x080001e4   0x00000024   Code   RO         6490    .text               mc_w.l(memcpya.o)
    0x08000208   0x0000014e   Code   RO         6755    .text               mf_w.l(dadd.o)
    0x08000356   0x000000e4   Code   RO         6757    .text               mf_w.l(dmul.o)
    0x0800043a   0x000000de   Code   RO         6759    .text               mf_w.l(ddiv.o)
    0x08000518   0x00000022   Code   RO         6761    .text               mf_w.l(dflti.o)
    0x0800053a   0x00000028   Code   RO         6763    .text               mf_w.l(dfltl.o)
    0x08000562   0x0000003e   Code   RO         6765    .text               mf_w.l(dfixi.o)
    0x080005a0   0x00000026   Code   RO         6767    .text               mf_w.l(f2d.o)
    0x080005c6   0x00000038   Code   RO         6769    .text               mf_w.l(d2f.o)
    0x080005fe   0x0000002c   Code   RO         6786    .text               mc_w.l(uidiv.o)
    0x0800062a   0x00000062   Code   RO         6788    .text               mc_w.l(uldiv.o)
    0x0800068c   0x0000001e   Code   RO         6790    .text               mc_w.l(llshl.o)
    0x080006aa   0x00000020   Code   RO         6792    .text               mc_w.l(llushr.o)
    0x080006ca   0x00000024   Code   RO         6794    .text               mc_w.l(llsshr.o)
    0x080006ee   0x00000000   Code   RO         6796    .text               mc_w.l(iusefp.o)
    0x080006ee   0x0000006e   Code   RO         6797    .text               mf_w.l(fepilogue.o)
    0x0800075c   0x000000ba   Code   RO         6799    .text               mf_w.l(depilogue.o)
    0x08000816   0x00000030   Code   RO         6801    .text               mf_w.l(dfixul.o)
    0x08000846   0x00000002   PAD
    0x08000848   0x00000030   Code   RO         6803    .text               mf_w.l(cdrcmple.o)
    0x08000878   0x00000024   Code   RO         6805    .text               mc_w.l(init.o)
    0x0800089c   0x00000056   Code   RO         6815    .text               mc_w.l(__dczerorl2.o)
    0x080008f2   0x00000002   PAD
    0x080008f4   0x00000074   Code   RO         5985    i.ADS1256ReadData   ads1256.o
    0x08000968   0x00000044   Code   RO         5986    i.ADS1256WREG       ads1256.o
    0x080009ac   0x00000090   Code   RO         5987    i.ADS1256_Init      ads1256.o
    0x08000a3c   0x00000034   Code   RO         5587    i.AUTO_ZERO         modbus.o
    0x08000a70   0x00000002   Code   RO         5393    i.BusFault_Handler  stm32f4xx_it.o
    0x08000a72   0x00000002   PAD
    0x08000a74   0x00000098   Code   RO         5762    i.DEBUG_USART_Config  bsp_debug_usart.o
    0x08000b0c   0x00000002   Code   RO         5394    i.DebugMon_Handler  stm32f4xx_it.o
    0x08000b0e   0x00000002   PAD
    0x08000b10   0x00000014   Code   RO         5720    i.Delay_us          bsp_systick.o
    0x08000b24   0x0000000a   Code   RO         5914    i.Delays1           data_processing.o
    0x08000b2e   0x00000004   Code   RO         6469    i.EnterCriticalSection  port.o
    0x08000b32   0x00000004   Code   RO         6470    i.ExitCriticalSection  port.o
    0x08000b36   0x0000007c   Code   RO         2046    i.GPIO_Init         stm32f4xx_gpio.o
    0x08000bb2   0x00000020   Code   RO         2047    i.GPIO_PinAFConfig  stm32f4xx_gpio.o
    0x08000bd2   0x0000000e   Code   RO         2050    i.GPIO_ReadInputDataBit  stm32f4xx_gpio.o
    0x08000be0   0x00000004   Code   RO         2053    i.GPIO_ResetBits    stm32f4xx_gpio.o
    0x08000be4   0x00000004   Code   RO         2054    i.GPIO_SetBits      stm32f4xx_gpio.o
    0x08000be8   0x00000002   Code   RO         5395    i.HardFault_Handler  stm32f4xx_it.o
    0x08000bea   0x00000002   PAD
    0x08000bec   0x00000074   Code   RO         5988    i.Init_ADS1256_GPIO  ads1256.o
    0x08000c60   0x00000038   Code   RO         5879    i.Key_GPIO_Config   bsp_exti.o
    0x08000c98   0x00000026   Code   RO         5880    i.Key_Scan          bsp_exti.o
    0x08000cbe   0x00000002   PAD
    0x08000cc0   0x0000004c   Code   RO         5672    i.LED_GPIO_Config   bsp_led.o
    0x08000d0c   0x00000002   Code   RO         5396    i.MemManage_Handler  stm32f4xx_it.o
    0x08000d0e   0x00000002   Code   RO         5397    i.NMI_Handler       stm32f4xx_it.o
    0x08000d10   0x00000068   Code   RO          164    i.NVIC_Init         misc.o
    0x08000d78   0x00000014   Code   RO          165    i.NVIC_PriorityGroupConfig  misc.o
    0x08000d8c   0x00000002   Code   RO         5398    i.PendSV_Handler    stm32f4xx_it.o
    0x08000d8e   0x00000002   PAD
    0x08000d90   0x00000108   Code   RO         5161    i.Press_z_f         main.o
    0x08000e98   0x0000001c   Code   RO         2960    i.RCC_AHB1PeriphClockCmd  stm32f4xx_rcc.o
    0x08000eb4   0x0000001c   Code   RO         2969    i.RCC_APB1PeriphClockCmd  stm32f4xx_rcc.o
    0x08000ed0   0x0000001c   Code   RO         2971    i.RCC_APB1PeriphResetCmd  stm32f4xx_rcc.o
    0x08000eec   0x0000001c   Code   RO         2972    i.RCC_APB2PeriphClockCmd  stm32f4xx_rcc.o
    0x08000f08   0x0000001c   Code   RO         2974    i.RCC_APB2PeriphResetCmd  stm32f4xx_rcc.o
    0x08000f24   0x000000a4   Code   RO         2981    i.RCC_GetClocksFreq  stm32f4xx_rcc.o
    0x08000fc8   0x0000011c   Code   RO         5696    i.Relay_Config      relay.o
    0x080010e4   0x0000015c   Code   RO         5588    i.Relay_control     modbus.o
    0x08001240   0x000000a4   Code   RO         5989    i.SPI1_Init         ads1256.o
    0x080012e4   0x00000018   Code   RO         4115    i.SPI_Cmd           stm32f4xx_spi.o
    0x080012fc   0x0000000e   Code   RO         4123    i.SPI_I2S_GetFlagStatus  stm32f4xx_spi.o
    0x0800130a   0x00000004   Code   RO         4126    i.SPI_I2S_ReceiveData  stm32f4xx_spi.o
    0x0800130e   0x00000004   Code   RO         4127    i.SPI_I2S_SendData  stm32f4xx_spi.o
    0x08001312   0x00000038   Code   RO         4128    i.SPI_Init          stm32f4xx_spi.o
    0x0800134a   0x00000002   PAD
    0x0800134c   0x0000003c   Code   RO         5990    i.SPI_WriteByte     ads1256.o
    0x08001388   0x0000004c   Code   RO         5162    i.STOP_INTERRUP     main.o
    0x080013d4   0x00000002   Code   RO         5399    i.SVC_Handler       stm32f4xx_it.o
    0x080013d6   0x00000002   PAD
    0x080013d8   0x000000d4   Code   RO           13    i.SetSysClock       system_stm32f4xx.o
    0x080014ac   0x00000078   Code   RO         5915    i.Setzero_Init      data_processing.o
    0x08001524   0x0000014c   Code   RO         5589    i.Step              modbus.o
    0x08001670   0x00000004   Code   RO         5400    i.SysTick_Handler   stm32f4xx_it.o
    0x08001674   0x00000040   Code   RO         5721    i.SysTick_Init      bsp_systick.o
    0x080016b4   0x0000005c   Code   RO           15    i.SystemInit        system_stm32f4xx.o
    0x08001710   0x00000012   Code   RO         5401    i.TIM2_IRQHandler   stm32f4xx_it.o
    0x08001722   0x00000002   PAD
    0x08001724   0x00000024   Code   RO         5402    i.TIM3_IRQHandler   stm32f4xx_it.o
    0x08001748   0x00000024   Code   RO         5403    i.TIM4_IRQHandler   stm32f4xx_it.o
    0x0800176c   0x0000007c   Code   RO         5404    i.TIM5_IRQHandler   stm32f4xx_it.o
    0x080017e8   0x0000000c   Code   RO         6392    i.TIMERExpiredISR   porttimer.o
    0x080017f4   0x00000018   Code   RO         4341    i.TIM_ARRPreloadConfig  stm32f4xx_tim.o
    0x0800180c   0x00000006   Code   RO         4347    i.TIM_ClearFlag     stm32f4xx_tim.o
    0x08001812   0x00000006   Code   RO         4348    i.TIM_ClearITPendingBit  stm32f4xx_tim.o
    0x08001818   0x00000018   Code   RO         4353    i.TIM_Cmd           stm32f4xx_tim.o
    0x08001830   0x000001ac   Code   RO         4358    i.TIM_DeInit        stm32f4xx_tim.o
    0x080019dc   0x00000014   Code   RO         4378    i.TIM_ITConfig      stm32f4xx_tim.o
    0x080019f0   0x0000004c   Code   RO         5831    i.TIM_Mode_Config   timer1.o
    0x08001a3c   0x00000004   Code   RO         4419    i.TIM_SetCounter    stm32f4xx_tim.o
    0x08001a40   0x0000007c   Code   RO         4425    i.TIM_TimeBaseInit  stm32f4xx_tim.o
    0x08001abc   0x0000000e   Code   RO         5832    i.TIMx_Configuration  timer1.o
    0x08001aca   0x00000028   Code   RO         5833    i.TIMx_NVIC_Configuration  timer1.o
    0x08001af2   0x00000002   PAD
    0x08001af4   0x00000080   Code   RO         5801    i.Timer5_config     timer5.o
    0x08001b74   0x00000014   Code   RO         5722    i.TimingDelay_Decrement  bsp_systick.o
    0x08001b88   0x0000003c   Code   RO         5405    i.USART2_IRQHandler  stm32f4xx_it.o
    0x08001bc4   0x00000010   Code   RO         4904    i.USART_ClearITPendingBit  stm32f4xx_usart.o
    0x08001bd4   0x00000018   Code   RO         4907    i.USART_Cmd         stm32f4xx_usart.o
    0x08001bec   0x0000000e   Code   RO         4910    i.USART_GetFlagStatus  stm32f4xx_usart.o
    0x08001bfa   0x00000040   Code   RO         4911    i.USART_GetITStatus  stm32f4xx_usart.o
    0x08001c3a   0x00000036   Code   RO         4913    i.USART_ITConfig    stm32f4xx_usart.o
    0x08001c70   0x000000bc   Code   RO         4914    i.USART_Init        stm32f4xx_usart.o
    0x08001d2c   0x00000008   Code   RO         4921    i.USART_ReceiveData  stm32f4xx_usart.o
    0x08001d34   0x00000008   Code   RO         4924    i.USART_SendData    stm32f4xx_usart.o
    0x08001d3c   0x00000002   Code   RO         5406    i.UsageFault_Handler  stm32f4xx_it.o
    0x08001d3e   0x00000002   PAD
    0x08001d40   0x00000020   Code   RO         6727    i.__0printf         mc_w.l(printfa.o)
    0x08001d60   0x0000000e   Code   RO         6809    i.__scatterload_copy  mc_w.l(handlers.o)
    0x08001d6e   0x00000002   Code   RO         6810    i.__scatterload_null  mc_w.l(handlers.o)
    0x08001d70   0x0000000e   Code   RO         6811    i.__scatterload_zeroinit  mc_w.l(handlers.o)
    0x08001d7e   0x00000002   PAD
    0x08001d80   0x00000184   Code   RO         6734    i._fp_digits        mc_w.l(printfa.o)
    0x08001f04   0x000006dc   Code   RO         6735    i._printf_core      mc_w.l(printfa.o)
    0x080025e0   0x00000024   Code   RO         6736    i._printf_post_padding  mc_w.l(printfa.o)
    0x08002604   0x0000002e   Code   RO         6737    i._printf_pre_padding  mc_w.l(printfa.o)
    0x08002632   0x00000002   PAD
    0x08002634   0x0000042c   Code   RO         5916    i.caijitongdao      data_processing.o
    0x08002a60   0x00000020   Code   RO         6188    i.eMBEnable         mb.o
    0x08002a80   0x0000007c   Code   RO         6039    i.eMBFuncReadCoils  mbfunccoils.o
    0x08002afc   0x00000078   Code   RO         6084    i.eMBFuncReadDiscreteInputs  mbfuncdisc.o
    0x08002b74   0x00000060   Code   RO         6096    i.eMBFuncReadHoldingRegister  mbfuncholding.o
    0x08002bd4   0x00000064   Code   RO         6126    i.eMBFuncReadInputRegister  mbfuncinput.o
    0x08002c38   0x0000009c   Code   RO         6097    i.eMBFuncReadWriteMultipleHoldingRegister  mbfuncholding.o
    0x08002cd4   0x00000024   Code   RO         6138    i.eMBFuncReportSlaveID  mbfuncother.o
    0x08002cf8   0x0000005a   Code   RO         6040    i.eMBFuncWriteCoil  mbfunccoils.o
    0x08002d52   0x00000032   Code   RO         6098    i.eMBFuncWriteHoldingRegister  mbfuncholding.o
    0x08002d84   0x00000066   Code   RO         6041    i.eMBFuncWriteMultipleCoils  mbfunccoils.o
    0x08002dea   0x00000052   Code   RO         6099    i.eMBFuncWriteMultipleHoldingRegister  mbfuncholding.o
    0x08002e3c   0x00000084   Code   RO         6189    i.eMBInit           mb.o
    0x08002ec0   0x000000ac   Code   RO         6190    i.eMBPoll           mb.o
    0x08002f6c   0x00000040   Code   RO         6265    i.eMBRTUInit        mbrtu.o
    0x08002fac   0x0000004c   Code   RO         6266    i.eMBRTUReceive     mbrtu.o
    0x08002ff8   0x00000068   Code   RO         6267    i.eMBRTUSend        mbrtu.o
    0x08003060   0x00000024   Code   RO         6268    i.eMBRTUStart       mbrtu.o
    0x08003084   0x0000001a   Code   RO         6269    i.eMBRTUStop        mbrtu.o
    0x0800309e   0x00000002   PAD
    0x080030a0   0x000000b4   Code   RO         5590    i.eMBRegCoilsCB     modbus.o
    0x08003154   0x0000007c   Code   RO         5591    i.eMBRegDiscreteCB  modbus.o
    0x080031d0   0x00000068   Code   RO         5592    i.eMBRegHoldingCB   modbus.o
    0x08003238   0x00000044   Code   RO         5593    i.eMBRegInputCB     modbus.o
    0x0800327c   0x00000024   Code   RO         5764    i.fputc             bsp_debug_usart.o
    0x080032a0   0x0000024c   Code   RO         5918    i.lvbo              data_processing.o
    0x080034ec   0x00000100   Code   RO         5163    i.main              main.o
    0x080035ec   0x000000c0   Code   RO         5164    i.out_start_stop    main.o
    0x080036ac   0x0000001c   Code   RO         6159    i.prveMBError2Exception  mbutils.o
    0x080036c8   0x0000000c   Code   RO         6338    i.prvvUARTRxISR     portserial.o
    0x080036d4   0x0000000c   Code   RO         6339    i.prvvUARTTxReadyISR  portserial.o
    0x080036e0   0x000000b0   Code   RO         5919    i.set_zero          data_processing.o
    0x08003790   0x0000002c   Code   RO         6248    i.usMBCRC16         mbcrc.o
    0x080037bc   0x00000044   Code   RO         6340    i.vMBPortSerialEnable  portserial.o
    0x08003800   0x00000022   Code   RO         6393    i.vMBPortTimersDisable  porttimer.o
    0x08003822   0x0000002a   Code   RO         6394    i.vMBPortTimersEnable  porttimer.o
    0x0800384c   0x0000001c   Code   RO         6434    i.xMBPortEventGet   portevent.o
    0x08003868   0x00000010   Code   RO         6435    i.xMBPortEventInit  portevent.o
    0x08003878   0x00000010   Code   RO         6436    i.xMBPortEventPost  portevent.o
    0x08003888   0x00000014   Code   RO         6341    i.xMBPortSerialGetByte  portserial.o
    0x0800389c   0x000000e4   Code   RO         6342    i.xMBPortSerialInit  portserial.o
    0x08003980   0x00000014   Code   RO         6343    i.xMBPortSerialPutByte  portserial.o
    0x08003994   0x0000007e   Code   RO         6395    i.xMBPortTimersInit  porttimer.o
    0x08003a12   0x00000002   PAD
    0x08003a14   0x00000070   Code   RO         6270    i.xMBRTUReceiveFSM  mbrtu.o
    0x08003a84   0x00000034   Code   RO         6271    i.xMBRTUTimerT35Expired  mbrtu.o
    0x08003ab8   0x00000054   Code   RO         6272    i.xMBRTUTransmitFSM  mbrtu.o
    0x08003b0c   0x00000022   Code   RO         6160    i.xMBUtilGetBits    mbutils.o
    0x08003b2e   0x0000002a   Code   RO         6161    i.xMBUtilSetBits    mbutils.o
    0x08003b58   0x00000200   Data   RO         6249    .constdata          mbcrc.o
    0x08003d58   0x00000020   Data   RO         6807    Region$$Table       anon$$obj.o


    Execution Region RW_IRAM1 (Base: 0x20000000, Size: 0x00000ae0, Max: 0x00030000, ABSOLUTE, COMPRESSED[0x00000064])

    Base Addr    Size         Type   Attr      Idx    E Section Name        Object

    0x20000000   0x00000014   Data   RW           16    .data               system_stm32f4xx.o
    0x20000014   0x00000010   Data   RW         3013    .data               stm32f4xx_rcc.o
    0x20000024   0x00000006   Data   RW         5165    .data               main.o
    0x2000002a   0x00000002   Data   RW         5595    .data               modbus.o
    0x2000002c   0x00000014   Data   RW         5596    .data               modbus.o
    0x20000040   0x00000004   Data   RW         5597    .data               modbus.o
    0x20000044   0x00000004   Data   RW         5598    .data               modbus.o
    0x20000048   0x00000004   Data   RW         5723    .data               bsp_systick.o
    0x2000004c   0x00000040   Data   RW         5922    .data               data_processing.o
    0x2000008c   0x00000002   Data   RW         6141    .data               mbfuncother.o
    0x2000008e   0x00000002   PAD
    0x20000090   0x000000ac   Data   RW         6192    .data               mb.o
    0x2000013c   0x0000000c   Data   RW         6274    .data               mbrtu.o
    0x20000148   0x00000002   Data   RW         6437    .data               portevent.o
    0x2000014a   0x00000002   PAD
    0x2000014c   0x00000004   Data   RW         6785    .data               mc_w.l(stdout.o)
    0x20000150   0x000002ca   Zero   RW         5594    .bss                modbus.o
    0x2000041a   0x00000006   PAD
    0x20000420   0x000001a0   Zero   RW         5920    .bss                data_processing.o
    0x200005c0   0x00000020   Zero   RW         6140    .bss                mbfuncother.o
    0x200005e0   0x00000100   Zero   RW         6273    .bss                mbrtu.o
    0x200006e0   0x00000400   Zero   RW            1    STACK               startup_stm32f429_439xx.o


==============================================================================

Image component sizes


      Code (inc. data)   RO Data    RW Data    ZI Data      Debug   Object Name

       668         58          0          0          0       4275   ads1256.o
       188         16          0          0          0       1405   bsp_debug_usart.o
        94          8          0          0          0       1617   bsp_exti.o
        76          4          0          0          0        610   bsp_led.o
       104         20          0          4          0      28929   bsp_systick.o
      1962        372          0         64        416       7703   data_processing.o
       788        124          0          6          0      20930   main.o
       336         44          0        172          0       4604   mb.o
        44          6        512          0          0       1392   mbcrc.o
       316          0          0          0          0       6410   mbfunccoils.o
       120          0          0          0          0       1860   mbfuncdisc.o
       384          0          0          0          0       5967   mbfuncholding.o
       100          0          0          0          0       1835   mbfuncinput.o
        36         10          0          2         32       1559   mbfuncother.o
       554         48          0         12        256       7103   mbrtu.o
       104          0          0          0          0       2966   mbutils.o
       124         16          0          0          0       1951   misc.o
      1208        122          0         30        714       9301   modbus.o
         8          0          0          0          0       1013   port.o
        60         14          0          2          0       2480   portevent.o
       360         34          0          0          0       4601   portserial.o
       214          6          0          0          0       2483   porttimer.o
       284         30          0          0          0        743   relay.o
        36          8        428          0       1024       1016   startup_stm32f429_439xx.o
       178          0          0          0          0       4243   stm32f4xx_gpio.o
       294         50          0          0          0       9503   stm32f4xx_it.o
       304         46          0         16          0       6937   stm32f4xx_rcc.o
       102          0          0          0          0       4250   stm32f4xx_spi.o
       636         80          0          0          0       7181   stm32f4xx_tim.o
       376          8          0          0          0       7475   stm32f4xx_usart.o
       304         34          0         20          0     305261   system_stm32f4xx.o
       130          4          0          0          0       1661   timer1.o
       128          4          0          0          0        656   timer5.o

    ----------------------------------------------------------------------
     10644       1166        972        332       2448     469920   Object Totals
         0          0         32          0          0          0   (incl. Generated)
        24          0          0          4          6          0   (incl. Padding)

    ----------------------------------------------------------------------

      Code (inc. data)   RO Data    RW Data    ZI Data      Debug   Library Member Name

        86          0          0          0          0          0   __dczerorl2.o
         0          0          0          0          0          0   entry.o
         0          0          0          0          0          0   entry10a.o
         0          0          0          0          0          0   entry11a.o
         8          4          0          0          0          0   entry2.o
         4          0          0          0          0          0   entry5.o
         0          0          0          0          0          0   entry7b.o
         0          0          0          0          0          0   entry8b.o
         8          4          0          0          0          0   entry9a.o
        30          0          0          0          0          0   handlers.o
        36          8          0          0          0         68   init.o
         0          0          0          0          0          0   iusefp.o
        30          0          0          0          0         68   llshl.o
        36          0          0          0          0         68   llsshr.o
        32          0          0          0          0         68   llushr.o
        36          0          0          0          0         68   memcpya.o
      2258         90          0          0          0        452   printfa.o
         0          0          0          4          0          0   stdout.o
        44          0          0          0          0         80   uidiv.o
        98          0          0          0          0         92   uldiv.o
        48          0          0          0          0         68   cdrcmple.o
        56          0          0          0          0         88   d2f.o
       334          0          0          0          0        148   dadd.o
       222          0          0          0          0        100   ddiv.o
       186          0          0          0          0        176   depilogue.o
        62          0          0          0          0         80   dfixi.o
        48          0          0          0          0         68   dfixul.o
        34          0          0          0          0         76   dflti.o
        40          0          0          0          0         80   dfltl.o
       228          0          0          0          0         96   dmul.o
        38          0          0          0          0         68   f2d.o
       110          0          0          0          0        168   fepilogue.o

    ----------------------------------------------------------------------
      4120        106          0          4          0       2180   Library Totals
         8          0          0          0          0          0   (incl. Padding)

    ----------------------------------------------------------------------

      Code (inc. data)   RO Data    RW Data    ZI Data      Debug   Library Name

      2706        106          0          4          0        964   mc_w.l
      1406          0          0          0          0       1216   mf_w.l

    ----------------------------------------------------------------------
      4120        106          0          4          0       2180   Library Totals

    ----------------------------------------------------------------------

==============================================================================


      Code (inc. data)   RO Data    RW Data    ZI Data      Debug   

     14764       1272        972        336       2448     459592   Grand Totals
     14764       1272        972        100       2448     459592   ELF Image Totals (compressed)
     14764       1272        972        100          0          0   ROM Totals

==============================================================================

    Total RO  Size (Code + RO Data)                15736 (  15.37kB)
    Total RW  Size (RW Data + ZI Data)              2784 (   2.72kB)
    Total ROM Size (Code + RO Data + RW Data)      15836 (  15.46kB)

==============================================================================

